01:22.555015-0,SYSTEM,2,process=rphost,p:processName=PPO_Store,t:clientID=3408,t:applicationName=WebServerExtension,t:computerName=1CWEB-1,t:connectID=22641,Usr=MobileZabbix,SessionID=506,level=TRACE,component=rserver,class=ClusterDistribService,line=964,file=src\ClusterDistribImpl.cpp,threadId=2852,func=getCachedSeanceLocations,seanceID=567873c9-7950-4e6e-a7f3-61c7589c0615,urls=98ae204f-8139-458f-8bce-f1f7982bdbfe:tcp://onyx-1c-ppo2:1541
01:22.555016-0,SYSTEM,2,process=rphost,p:processName=PPO_Store,t:clientID=3408,t:applicationName=WebServerExtension,t:computerName=1CWEB-1,t:connectID=22641,Usr=MobileZabbix,SessionID=506,level=TRACE,component=rserver,class=ClusterDistribService,line=1263,file=src\ClusterDistribImpl.cpp,threadId=2852,func=getSeanceRMngrIDs,seanceID=567873c9-7950-4e6e-a7f3-61c7589c0615,urls=98ae204f-8139-458f-8bce-f1f7982bdbfe:tcp://onyx-1c-ppo2:1541
01:22.555017-0,SYSTEM,2,process=rphost,p:processName=PPO_Store,t:clientID=3408,t:applicationName=WebServerExtension,t:computerName=1CWEB-1,t:connectID=22641,Usr=MobileZabbix,SessionID=506,level=TRACE,component=rserver,class=RMngrCalls,line=242,file=src\RMngrCalls.cpp,threadId=2852,func=call,ev=before,riid=90b77326-8e4a-4195-b980-d758277d1f03,ib=PPO_Store,meth=1,ids=98ae204f-8139-458f-8bce-f1f7982bdbfe:tcp://onyx-1c-ppo2:1541,rethrow=false
01:22.555019-1,SCALL,2,process=rphost,p:processName=PPO_Store,t:clientID=3408,t:applicationName=WebServerExtension,t:computerName=1CWEB-1,t:connectID=22641,Usr=MobileZabbix,SessionID=506,ClientID=3871,Interface=90b77326-8e4a-4195-b980-d758277d1f03,IName=ISeanceContextStorage,Method=1,CallID=3408159,MName=getSeanceParameterSer
01:22.555020-0,SYSTEM,2,process=rphost,p:processName=PPO_Store,t:clientID=3408,t:applicationName=WebServerExtension,t:computerName=1CWEB-1,t:connectID=22641,Usr=MobileZabbix,SessionID=506,level=TRACE,component=rserver,class=ClusterDistribService,line=1377,file=src\ClusterDistribImpl.cpp,threadId=2852,func=reportSuccessCall,event=register success call,rmngrID=98ae204f-8139-458f-8bce-f1f7982bdbfe,entID=567873c9-7950-4e6e-a7f3-61c7589c0615,ibName=PPO_Store
01:22.555021-0,SYSTEM,2,process=rphost,p:processName=PPO_Store,t:clientID=3408,t:applicationName=WebServerExtension,t:computerName=1CWEB-1,t:connectID=22641,Usr=MobileZabbix,SessionID=506,level=INFO,component=backbas,class=backbas::SeanceContextCache,line=1054,file=src\SeanceContextBasImpl.cpp,Descr='paramVerChange: seanceID=567873c9-7950-4e6e-a7f3-61c7589c0615, paramID=Info, paramVer=1'
01:22.555022-0,SYSTEM,2,process=rphost,p:processName=PPO_Store,t:clientID=3408,t:applicationName=WebServerExtension,t:computerName=1CWEB-1,t:connectID=22641,Usr=MobileZabbix,SessionID=506,level=INFO,component=backbas,class=backbas::SeanceContextCache,line=1058,file=src\SeanceContextBasImpl.cpp,Descr='seanceVerChange: seanceID=567873c9-7950-4e6e-a7f3-61c7589c0615, seanceVer=2'
01:22.555023-0,SYSTEM,2,process=rphost,p:processName=PPO_Store,t:clientID=3408,t:applicationName=WebServerExtension,t:computerName=1CWEB-1,t:connectID=22641,Usr=MobileZabbix,SessionID=506,level=TRACE,component=rserver,class=ClusterDistribService,line=964,file=src\ClusterDistribImpl.cpp,threadId=2852,func=getCachedSeanceLocations,seanceID=567873c9-7950-4e6e-a7f3-61c7589c0615,urls=98ae204f-8139-458f-8bce-f1f7982bdbfe:tcp://onyx-1c-ppo2:1541
01:22.555024-0,SYSTEM,2,process=rphost,p:processName=PPO_Store,t:clientID=3408,t:applicationName=WebServerExtension,t:computerName=1CWEB-1,t:connectID=22641,Usr=MobileZabbix,SessionID=506,level=TRACE,component=rserver,class=ClusterDistribService,line=1263,file=src\ClusterDistribImpl.cpp,threadId=2852,func=getSeanceRMngrIDs,seanceID=567873c9-7950-4e6e-a7f3-61c7589c0615,urls=98ae204f-8139-458f-8bce-f1f7982bdbfe:tcp://onyx-1c-ppo2:1541
01:22.555025-0,SYSTEM,2,process=rphost,p:processName=PPO_Store,t:clientID=3408,t:applicationName=WebServerExtension,t:computerName=1CWEB-1,t:connectID=22641,Usr=MobileZabbix,SessionID=506,level=TRACE,component=rserver,class=RMngrCalls,line=242,file=src\RMngrCalls.cpp,threadId=2852,func=call,ev=before,riid=90b77326-8e4a-4195-b980-d758277d1f03,ib=PPO_Store,meth=1,ids=98ae204f-8139-458f-8bce-f1f7982bdbfe:tcp://onyx-1c-ppo2:1541,rethrow=false
01:22.555027-1,SCALL,2,process=rphost,p:processName=PPO_Store,t:clientID=3408,t:applicationName=WebServerExtension,t:computerName=1CWEB-1,t:connectID=22641,Usr=MobileZabbix,SessionID=506,ClientID=3871,Interface=90b77326-8e4a-4195-b980-d758277d1f03,IName=ISeanceContextStorage,Method=1,CallID=3408160,MName=getSeanceParameterSer
01:22.555028-0,SYSTEM,2,process=rphost,p:processName=PPO_Store,t:clientID=3408,t:applicationName=WebServerExtension,t:computerName=1CWEB-1,t:connectID=22641,Usr=MobileZabbix,SessionID=506,level=TRACE,component=rserver,class=ClusterDistribService,line=964,file=src\ClusterDistribImpl.cpp,threadId=2852,func=getCachedSeanceLocations,seanceID=567873c9-7950-4e6e-a7f3-61c7589c0615,urls=98ae204f-8139-458f-8bce-f1f7982bdbfe:tcp://onyx-1c-ppo2:1541
01:22.555029-0,SYSTEM,2,process=rphost,p:processName=PPO_Store,t:clientID=3408,t:applicationName=WebServerExtension,t:computerName=1CWEB-1,t:connectID=22641,Usr=MobileZabbix,SessionID=506,level=TRACE,component=rserver,class=ClusterDistribService,line=1263,file=src\ClusterDistribImpl.cpp,threadId=2852,func=getSeanceRMngrIDs,seanceID=567873c9-7950-4e6e-a7f3-61c7589c0615,urls=98ae204f-8139-458f-8bce-f1f7982bdbfe:tcp://onyx-1c-ppo2:1541
01:22.555030-0,SYSTEM,2,process=rphost,p:processName=PPO_Store,t:clientID=3408,t:applicationName=WebServerExtension,t:computerName=1CWEB-1,t:connectID=22641,Usr=MobileZabbix,SessionID=506,level=TRACE,component=rserver,class=RMngrCalls,line=242,file=src\RMngrCalls.cpp,threadId=2852,func=call,ev=before,riid=90b77326-8e4a-4195-b980-d758277d1f03,ib=PPO_Store,meth=12,ids=98ae204f-8139-458f-8bce-f1f7982bdbfe:tcp://onyx-1c-ppo2:1541,rethrow=false
01:22.555032-1,SCALL,2,process=rphost,p:processName=PPO_Store,t:clientID=3408,t:applicationName=WebServerExtension,t:computerName=1CWEB-1,t:connectID=22641,Usr=MobileZabbix,SessionID=506,ClientID=3871,Interface=90b77326-8e4a-4195-b980-d758277d1f03,IName=ISeanceContextStorage,Method=12,CallID=3408161,MName=getSeanceParameterIDs
01:22.555033-0,SYSTEM,2,process=rphost,p:processName=PPO_Store,t:clientID=3408,t:applicationName=WebServerExtension,t:computerName=1CWEB-1,t:connectID=22641,Usr=MobileZabbix,SessionID=506,level=INFO,component=backbas,class=backbas::SeanceContextCache,line=1054,file=src\SeanceContextBasImpl.cpp,Descr='paramVerChange: seanceID=567873c9-7950-4e6e-a7f3-61c7589c0615, paramID=User, paramVer=2'
01:22.555034-0,SYSTEM,2,process=rphost,p:processName=PPO_Store,t:clientID=3408,t:applicationName=WebServerExtension,t:computerName=1CWEB-1,t:connectID=22641,Usr=MobileZabbix,SessionID=506,level=INFO,component=backbas,class=backbas::SeanceContextCache,line=1058,file=src\SeanceContextBasImpl.cpp,Descr='seanceVerChange: seanceID=567873c9-7950-4e6e-a7f3-61c7589c0615, seanceVer=2'
01:22.555035-0,SYSTEM,2,process=rphost,p:processName=PPO_Store,t:clientID=3408,t:applicationName=WebServerExtension,t:computerName=1CWEB-1,t:connectID=22641,Usr=MobileZabbix,SessionID=506,level=INFO,component=backbas,class=backbas::SeanceContextCache,line=6051,file=src\SeanceContextBasImpl.cpp,Descr='Obj: Get, seanceID=567873c9-7950-4e6e-a7f3-61c7589c0615, paramID=User, value=NULL'
01:22.555036-0,SYSTEM,2,process=rphost,p:processName=PPO_Store,t:clientID=3408,t:applicationName=WebServerExtension,t:computerName=1CWEB-1,t:connectID=22641,Usr=MobileZabbix,SessionID=506,level=INFO,component=backbas,class=backbas::SeanceContextCache,line=7988,file=src\SeanceContextBasImpl.cpp,Descr='Tran: Get, seanceID=567873c9-7950-4e6e-a7f3-61c7589c0615, paramID=User, value=NULL'
01:22.555037-0,SYSTEM,2,process=rphost,p:processName=PPO_Store,t:clientID=3408,t:applicationName=WebServerExtension,t:computerName=1CWEB-1,t:connectID=22641,Usr=MobileZabbix,SessionID=506,level=TRACE,component=rserver,class=ClusterDistribService,line=903,file=src\ClusterDistribImpl.cpp,threadId=2852,func=getServiceInstanceManagersInt,serviceID=ed7c4dca-81b9-4a1f-a2bd-bc05e7b18a7c,ibName=ppo_store,serverIDs=,urls=98ae204f-8139-458f-8bce-f1f7982bdbfe:tcp://onyx-1c-ppo2:1541
01:22.555038-0,SYSTEM,2,process=rphost,p:processName=PPO_Store,t:clientID=3408,t:applicationName=WebServerExtension,t:computerName=1CWEB-1,t:connectID=22641,Usr=MobileZabbix,SessionID=506,level=TRACE,component=rserver,class=RMngrCalls,line=242,file=src\RMngrCalls.cpp,threadId=2852,func=call,ev=before,riid=12af46e1-4f3e-4446-a753-519e54d55f48,ib=PPO_Store,meth=0,ids=98ae204f-8139-458f-8bce-f1f7982bdbfe:tcp://onyx-1c-ppo2:1541,rethrow=false
01:22.555040-1,SCALL,2,process=rphost,p:processName=PPO_Store,t:clientID=3408,t:applicationName=WebServerExtension,t:computerName=1CWEB-1,t:connectID=22641,Usr=MobileZabbix,SessionID=506,ClientID=3871,Interface=12af46e1-4f3e-4446-a753-519e54d55f48,IName=IObjectLocksStor,Method=0,CallID=3408162,MName=lockObject
01:22.555041-0,SYSTEM,2,process=rphost,p:processName=PPO_Store,t:clientID=3408,t:applicationName=WebServerExtension,t:computerName=1CWEB-1,t:connectID=22641,Usr=MobileZabbix,SessionID=506,level=INFO,component=backbas,class=backbas::SeanceContextCache,line=6051,file=src\SeanceContextBasImpl.cpp,Descr='Obj: Get, seanceID=567873c9-7950-4e6e-a7f3-61c7589c0615, paramID=dëù>\08#A\03«\0AbdÓ, value=NULL'
01:22.555042-0,SYSTEM,2,process=rphost,p:processName=PPO_Store,t:clientID=3408,t:applicationName=WebServerExtension,t:computerName=1CWEB-1,t:connectID=22641,Usr=MobileZabbix,SessionID=506,level=INFO,component=backbas,class=backbas::SeanceContextCache,line=7988,file=src\SeanceContextBasImpl.cpp,Descr='Tran: Get, seanceID=567873c9-7950-4e6e-a7f3-61c7589c0615, paramID=dëù>\08#A\03«\0AbdÓ, value=NULL'
01:22.555043-0,SYSTEM,2,process=rphost,p:processName=PPO_Store,t:clientID=3408,t:applicationName=WebServerExtension,t:computerName=1CWEB-1,t:connectID=22641,Usr=MobileZabbix,SessionID=506,level=INFO,component=backbas,class=backbas::SeanceContextCache,line=7937,file=src\SeanceContextBasImpl.cpp,Descr='Tran: Set, seanceID=567873c9-7950-4e6e-a7f3-61c7589c0615, paramID=dëù>\08#A\03«\0AbdÓ, value=Object(c6d73947-a740-4374-b02b-5faff31abbc6), toGetChanges=0, lastKnownVer=0, changedParams=, callID=0, flags=, newLastKnownVer=0'
01:22.555044-0,SYSTEM,2,process=rphost,p:processName=PPO_Store,t:clientID=3408,t:applicationName=WebServerExtension,t:computerName=1CWEB-1,t:connectID=22641,Usr=MobileZabbix,SessionID=506,level=INFO,component=xdto,class=XDTOService,line=3312,file=src\XDTOPackageImpl.cpp,threadId=2852,func=setThreadSystem,process=0000000003FE46A0,system=0000000000000000,kind=default
01:22.555045-0,SYSTEM,2,process=rphost,p:processName=PPO_Store,t:clientID=3408,t:applicationName=WebServerExtension,t:computerName=1CWEB-1,t:connectID=22641,Usr=MobileZabbix,SessionID=506,level=INFO,component=xdto,class=XDTOService,line=3312,file=src\XDTOPackageImpl.cpp,threadId=2852,func=setThreadSystem,process=0000000003FE46A0,system=0000000009C3C5B0,kind=external
01:22.555046-0,SYSTEM,2,process=rphost,p:processName=PPO_Store,t:clientID=3408,t:applicationName=WebServerExtension,t:computerName=1CWEB-1,t:connectID=22641,Usr=MobileZabbix,SessionID=506,level=TRACE,component=backend,class=ExtMDService,line=302,file=src\ExtMetadataImpl.cpp,threadId=2852,func=refreshExtMDs
01:22.555047-0,SYSTEM,2,process=rphost,p:processName=PPO_Store,t:clientID=3408,t:applicationName=WebServerExtension,t:computerName=1CWEB-1,t:connectID=22641,Usr=MobileZabbix,SessionID=506,level=INFO,component=backbas,class=backbas::SeanceContextCache,line=6051,file=src\SeanceContextBasImpl.cpp,Descr='Obj: Get, seanceID=567873c9-7950-4e6e-a7f3-61c7589c0615, paramID=Ã\1EÈØÕO"ù¿®\072/0, value=NULL'
01:22.555048-0,SYSTEM,2,process=rphost,p:processName=PPO_Store,t:clientID=3408,t:applicationName=WebServerExtension,t:computerName=1CWEB-1,t:connectID=22641,Usr=MobileZabbix,SessionID=506,level=INFO,component=backbas,class=backbas::SeanceContextCache,line=7988,file=src\SeanceContextBasImpl.cpp,Descr='Tran: Get, seanceID=567873c9-7950-4e6e-a7f3-61c7589c0615, paramID=Ã\1EÈØÕO"ù¿®\072/0, value=NULL'
01:22.555049-0,SYSTEM,2,process=rphost,p:processName=PPO_Store,t:clientID=3408,t:applicationName=WebServerExtension,t:computerName=1CWEB-1,t:connectID=22641,Usr=MobileZabbix,SessionID=506,level=INFO,component=backbas,class=backbas::SeanceContextCache,line=6051,file=src\SeanceContextBasImpl.cpp,Descr='Obj: Get, seanceID=567873c9-7950-4e6e-a7f3-61c7589c0615, paramID=ä\1Aÿ&%ÏK¶¶Á?Guót/0, value=NULL'
01:22.555050-0,SYSTEM,2,process=rphost,p:processName=PPO_Store,t:clientID=3408,t:applicationName=WebServerExtension,t:computerName=1CWEB-1,t:connectID=22641,Usr=MobileZabbix,SessionID=506,level=INFO,component=backbas,class=backbas::SeanceContextCache,line=7988,file=src\SeanceContextBasImpl.cpp,Descr='Tran: Get, seanceID=567873c9-7950-4e6e-a7f3-61c7589c0615, paramID=ä\1Aÿ&%ÏK¶¶Á?Guót/0, value=NULL'
01:22.555051-0,SYSTEM,2,process=rphost,p:processName=PPO_Store,t:clientID=3408,t:applicationName=WebServerExtension,t:computerName=1CWEB-1,t:connectID=22641,Usr=MobileZabbix,SessionID=506,level=INFO,component=backbas,class=backbas::SeanceContextCache,line=6051,file=src\SeanceContextBasImpl.cpp,Descr='Obj: Get, seanceID=567873c9-7950-4e6e-a7f3-61c7589c0615, paramID=4¨;\1EL\0CNd¹ìãáQ¶V, value=NULL'
01:22.555052-0,SYSTEM,2,process=rphost,p:processName=PPO_Store,t:clientID=3408,t:applicationName=WebServerExtension,t:computerName=1CWEB-1,t:connectID=22641,Usr=MobileZabbix,SessionID=506,level=INFO,component=backbas,class=backbas::SeanceContextCache,line=7988,file=src\SeanceContextBasImpl.cpp,Descr='Tran: Get, seanceID=567873c9-7950-4e6e-a7f3-61c7589c0615, paramID=4¨;\1EL\0CNd¹ìãáQ¶V, value=NULL'
01:22.555053-0,SYSTEM,2,process=rphost,p:processName=PPO_Store,t:clientID=3408,t:applicationName=WebServerExtension,t:computerName=1CWEB-1,t:connectID=22641,Usr=MobileZabbix,SessionID=506,level=INFO,component=backbas,class=backbas::SeanceContextCache,line=7937,file=src\SeanceContextBasImpl.cpp,Descr='Tran: Set, seanceID=567873c9-7950-4e6e-a7f3-61c7589c0615, paramID=C©\1BÑ\1E§B \119Ù:5, value=Object(Numeric(1)), toGetChanges=0, lastKnownVer=0, changedParams=, callID=0, flags=, newLastKnownVer=0'
01:22.555054-0,SYSTEM,2,process=rphost,p:processName=PPO_Store,t:clientID=3408,t:applicationName=WebServerExtension,t:computerName=1CWEB-1,t:connectID=22641,Usr=MobileZabbix,SessionID=506,level=TRACE,component=rserver,class=ServerInfoBase,line=8477,file=src\SrvrInfoBaseImpl.cpp,threadId=2852,func=startSeance,seance=567873c9-7950-4e6e-a7f3-61c7589c0615
01:22.555055-0,SYSTEM,2,process=rphost,p:processName=PPO_Store,t:clientID=3408,t:applicationName=WebServerExtension,t:computerName=1CWEB-1,t:connectID=22641,Usr=MobileZabbix,SessionID=506,level=INFO,component=backbas,class=backbas::SeanceContextCache,line=7937,file=src\SeanceContextBasImpl.cpp,Descr='Tran: Set, seanceID=567873c9-7950-4e6e-a7f3-61c7589c0615, paramID=\1CVË/ESOãa#o5b\12, value=Object(Boolean(Нет)), toGetChanges=0, lastKnownVer=0, changedParams=, callID=0, flags=, newLastKnownVer=0'
01:22.555056-0,SYSTEM,2,process=rphost,p:processName=PPO_Store,t:clientID=3408,t:applicationName=WebServerExtension,t:computerName=1CWEB-1,t:connectID=22641,Usr=MobileZabbix,SessionID=506,level=TRACE,component=rserver,class=ServerInfoBase,line=3985,file=src\SrvrInfoBaseImpl.cpp,threadId=2852,func=setDataZoneString,zone=,safe=
01:22.555057-0,SYSTEM,2,process=rphost,p:processName=PPO_Store,t:clientID=3408,t:applicationName=WebServerExtension,t:computerName=1CWEB-1,t:connectID=22641,Usr=MobileZabbix,SessionID=506,level=TRACE,component=rserver,class=ServerInfoBase,line=4111,file=src\SrvrInfoBaseImpl.cpp,threadId=2852,func=authenticate,name=MobileZabbix
01:22.555058-0,SYSTEM,2,process=rphost,p:processName=PPO_Store,t:clientID=3408,t:applicationName=WebServerExtension,t:computerName=1CWEB-1,t:connectID=22641,Usr=MobileZabbix,SessionID=506,level=TRACE,component=sqlsrvr,class=LocalSQLTempTablePool,line=144,file=src\SQLTempTablePool.cpp,threadId=2852,func=onTakeConnection,spid=67,connnection=1694920560,used=0,free=0,tran=0,cache=44,inTransaction=false
01:22.555060-1,DBMSSQL,2,process=rphost,p:processName=PPO_Store,t:clientID=3408,t:applicationName=WebServerExtension,t:computerName=1CWEB-1,t:connectID=22641,Usr=MobileZabbix,SessionID=506,Trans=0,dbpid=67,Sql="SELECT TOP 2147483647 ID, Name, Descr, OSName, Changed, RolesID, Show, Data, EAuth, AdmRole, UsSprH
FROM v8users WITH(READCOMMITTED)
WHERE Name = ? AND ID <> ?
ORDER BY Name
p_0: 'MobileZabbix'
p_1: 0x952A5019EAE6A1F74023E7966E3EE1DE
",Rows=1,RowsAffected=-1,planSQLText='
1, 1, 1, 0, 1E-007, 4392, 0.00657, 1,   |--Top(TOP EXPRESSION:((2147483647)))
1, 1, 1, 0, 4.18E-006, 4392, 0.00657, 1,        |--Nested Loops(Inner Join, OUTER REFERENCES:([PPO_Store].[dbo].[v8users].[ID]))
1, 1, 1, 0.00313, 0.000158, 78, 0.00328, 1,             |--Index Seek(OBJECT:([PPO_Store].[dbo].[v8users].[ByName]), SEEK:([PPO_Store].[dbo].[v8users].[Name]=[@P1]),  WHERE:([PPO_Store].[dbo].[v8users].[ID]<[@P2] OR [PPO_Store].[dbo].[v8users].[ID]>[@P2]) ORDERED FORWARD)
1, 1, 1, 0.00313, 0.000158, 4323, 0.00328, 1,             |--Clustered Index Seek(OBJECT:([PPO_Store].[dbo].[v8users].[PK__v8users__3214EC27AC7DA8B7]), SEEK:([PPO_Store].[dbo].[v8users].[ID]=[PPO_Store].[dbo].[v8users].[ID]) LOOKUP ORDERED FORWARD)
'
01:22.555061-0,SYSTEM,2,process=rphost,p:processName=PPO_Store,t:clientID=3408,t:applicationName=WebServerExtension,t:computerName=1CWEB-1,t:connectID=22641,Usr=MobileZabbix,SessionID=506,level=TRACE,component=sqlsrvr,class=LocalSQLTempTablePool,line=166,file=src\SQLTempTablePool.cpp,threadId=2852,func=onReleaseConnection,spid=67,connnection=1694920560,used=0,free=0,tran=0,cache=44,inTransaction=false
01:22.555062-0,SYSTEM,2,process=rphost,p:processName=PPO_Store,t:clientID=3408,t:applicationName=WebServerExtension,t:computerName=1CWEB-1,t:connectID=22641,Usr=MobileZabbix,SessionID=506,level=TRACE,component=rserver,class=RMngrCalls,line=242,file=src\RMngrCalls.cpp,threadId=2852,func=call,ev=before,riid=64016dc5-c439-49fa-8a71-c3cb708e243b,ib=,meth=3,ids=98ae204f-8139-458f-8bce-f1f7982bdbfe:tcp://onyx-1c-ppo2:1541,rethrow=false
01:22.555065-2,SCALL,2,process=rphost,p:processName=PPO_Store,t:clientID=3408,t:applicationName=WebServerExtension,t:computerName=1CWEB-1,t:connectID=22641,Usr=MobileZabbix,SessionID=506,ClientID=3871,Interface=64016dc5-c439-49fa-8a71-c3cb708e243b,IName=IClusterLocks,Method=3,CallID=3408163,MName=getDynDataList
01:22.555066-0,SYSTEM,2,process=rphost,p:processName=PPO_Store,t:clientID=3408,t:applicationName=WebServerExtension,t:computerName=1CWEB-1,t:connectID=22641,Usr=MobileZabbix,SessionID=506,level=TRACE,component=rserver,class=RMngrCalls,line=242,file=src\RMngrCalls.cpp,threadId=2852,func=call,ev=before,riid=64016dc5-c439-49fa-8a71-c3cb708e243b,ib=,meth=2,ids=98ae204f-8139-458f-8bce-f1f7982bdbfe:tcp://onyx-1c-ppo2:1541,rethrow=false
01:22.555068-1,SCALL,2,process=rphost,p:processName=PPO_Store,t:clientID=3408,t:applicationName=WebServerExtension,t:computerName=1CWEB-1,t:connectID=22641,Usr=MobileZabbix,SessionID=506,ClientID=3871,Interface=64016dc5-c439-49fa-8a71-c3cb708e243b,IName=IClusterLocks,Method=2,CallID=3408164,MName=ibrChangeLock
01:22.555069-0,SYSTEM,2,process=rphost,p:processName=PPO_Store,t:clientID=3408,t:applicationName=WebServerExtension,t:computerName=1CWEB-1,t:connectID=22641,Usr=MobileZabbix,SessionID=506,level=INFO,component=backbas,class=backbas::SeanceContextCache,line=6051,file=src\SeanceContextBasImpl.cpp,Descr='Obj: Get, seanceID=567873c9-7950-4e6e-a7f3-61c7589c0615, paramID=n)ã{ö\17@­ùc%\1ES, value=NULL'
01:22.555070-0,SYSTEM,2,process=rphost,p:processName=PPO_Store,t:clientID=3408,t:applicationName=WebServerExtension,t:computerName=1CWEB-1,t:connectID=22641,Usr=MobileZabbix,SessionID=506,level=INFO,component=backbas,class=backbas::SeanceContextCache,line=7988,file=src\SeanceContextBasImpl.cpp,Descr='Tran: Get, seanceID=567873c9-7950-4e6e-a7f3-61c7589c0615, paramID=n)ã{ö\17@­ùc%\1ES, value=NULL'
01:22.555071-0,SYSTEM,2,process=rphost,p:processName=PPO_Store,t:clientID=3408,t:applicationName=WebServerExtension,t:computerName=1CWEB-1,t:connectID=22641,Usr=MobileZabbix,SessionID=506,level=TRACE,component=rserver,class=ClusterDistribService,line=903,file=src\ClusterDistribImpl.cpp,threadId=2852,func=getServiceInstanceManagersInt,serviceID=0ef7e7cd-9579-4bf3-a9a9-087393ecba54,ibName=ppo_store,serverIDs=,urls=98ae204f-8139-458f-8bce-f1f7982bdbfe:tcp://onyx-1c-ppo2:1541
01:22.555072-0,SYSTEM,2,process=rphost,p:processName=PPO_Store,t:clientID=3408,t:applicationName=WebServerExtension,t:computerName=1CWEB-1,t:connectID=22641,Usr=MobileZabbix,SessionID=506,level=TRACE,component=rserver,class=RMngrCalls,line=242,file=src\RMngrCalls.cpp,threadId=2852,func=call,ev=before,riid=2ebdaa8c-4a75-48f7-94bf-8206623aa9bb,ib=PPO_Store,meth=11,ids=98ae204f-8139-458f-8bce-f1f7982bdbfe:tcp://onyx-1c-ppo2:1541,rethrow=false
01:22.555074-1,SCALL,2,process=rphost,p:processName=PPO_Store,t:clientID=3408,t:applicationName=WebServerExtension,t:computerName=1CWEB-1,t:connectID=22641,Usr=MobileZabbix,SessionID=506,ClientID=3871,Interface=2ebdaa8c-4a75-48f7-94bf-8206623aa9bb,IName=IClusterLogMngr,Method=11,CallID=3408165,MName=setSessionData
01:22.555075-0,SYSTEM,2,process=rphost,p:processName=PPO_Store,t:clientID=3408,t:applicationName=WebServerExtension,t:computerName=1CWEB-1,t:connectID=22641,Usr=MobileZabbix,SessionID=506,level=INFO,component=backbas,class=backbas::SeanceContextCache,line=6051,file=src\SeanceContextBasImpl.cpp,Descr='Obj: Get, seanceID=567873c9-7950-4e6e-a7f3-61c7589c0615, paramID=\1AÁäAº"F·yhXÂ\08Ê, value=NULL'
01:22.555076-0,SYSTEM,2,process=rphost,p:processName=PPO_Store,t:clientID=3408,t:applicationName=WebServerExtension,t:computerName=1CWEB-1,t:connectID=22641,Usr=MobileZabbix,SessionID=506,level=INFO,component=backbas,class=backbas::SeanceContextCache,line=7988,file=src\SeanceContextBasImpl.cpp,Descr='Tran: Get, seanceID=567873c9-7950-4e6e-a7f3-61c7589c0615, paramID=\1AÁäAº"F·yhXÂ\08Ê, value=NULL'
01:22.555077-0,SYSTEM,2,process=rphost,p:processName=PPO_Store,t:clientID=3408,t:applicationName=WebServerExtension,t:computerName=1CWEB-1,t:connectID=22641,Usr=MobileZabbix,SessionID=506,level=INFO,component=backbas,class=backbas::SeanceContextCache,line=6051,file=src\SeanceContextBasImpl.cpp,Descr='Obj: Get, seanceID=567873c9-7950-4e6e-a7f3-61c7589c0615, paramID=ÏÎ¦¦LµFgº±yÃYÃ, value=NULL'
01:22.555078-0,SYSTEM,2,process=rphost,p:processName=PPO_Store,t:clientID=3408,t:applicationName=WebServerExtension,t:computerName=1CWEB-1,t:connectID=22641,Usr=MobileZabbix,SessionID=506,level=INFO,component=backbas,class=backbas::SeanceContextCache,line=7988,file=src\SeanceContextBasImpl.cpp,Descr='Tran: Get, seanceID=567873c9-7950-4e6e-a7f3-61c7589c0615, paramID=ÏÎ¦¦LµFgº±yÃYÃ, value=NULL'
01:22.555079-0,SYSTEM,2,process=rphost,p:processName=PPO_Store,t:clientID=3408,t:applicationName=WebServerExtension,t:computerName=1CWEB-1,t:connectID=22641,Usr=MobileZabbix,SessionID=506,level=TRACE,component=rserver,class=ClusterDistribService,line=903,file=src\ClusterDistribImpl.cpp,threadId=2852,func=getServiceInstanceManagersInt,serviceID=ed7c4dca-81b9-4a1f-a2bd-bc05e7b18a7c,ibName=ppo_store,serverIDs=,urls=98ae204f-8139-458f-8bce-f1f7982bdbfe:tcp://onyx-1c-ppo2:1541
01:22.555080-0,SYSTEM,2,process=rphost,p:processName=PPO_Store,t:clientID=3408,t:applicationName=WebServerExtension,t:computerName=1CWEB-1,t:connectID=22641,Usr=MobileZabbix,SessionID=506,level=TRACE,component=rserver,class=RMngrCalls,line=242,file=src\RMngrCalls.cpp,threadId=2852,func=call,ev=before,riid=12af46e1-4f3e-4446-a753-519e54d55f48,ib=PPO_Store,meth=0,ids=98ae204f-8139-458f-8bce-f1f7982bdbfe:tcp://onyx-1c-ppo2:1541,rethrow=false
01:22.555082-1,SCALL,2,process=rphost,p:processName=PPO_Store,t:clientID=3408,t:applicationName=WebServerExtension,t:computerName=1CWEB-1,t:connectID=22641,Usr=MobileZabbix,SessionID=506,ClientID=3871,Interface=12af46e1-4f3e-4446-a753-519e54d55f48,IName=IObjectLocksStor,Method=0,CallID=3408166,MName=lockObject
01:22.555083-0,SYSTEM,2,process=rphost,p:processName=PPO_Store,t:clientID=3408,t:applicationName=WebServerExtension,t:computerName=1CWEB-1,t:connectID=22641,Usr=MobileZabbix,SessionID=506,level=INFO,component=backbas,class=backbas::SeanceContextCache,line=6051,file=src\SeanceContextBasImpl.cpp,Descr='Obj: Get, seanceID=567873c9-7950-4e6e-a7f3-61c7589c0615, paramID=\1AÁäAº"F·yhXÂ\08Ê, value=NULL'
01:22.555084-0,SYSTEM,2,process=rphost,p:processName=PPO_Store,t:clientID=3408,t:applicationName=WebServerExtension,t:computerName=1CWEB-1,t:connectID=22641,Usr=MobileZabbix,SessionID=506,level=INFO,component=backbas,class=backbas::SeanceContextCache,line=7988,file=src\SeanceContextBasImpl.cpp,Descr='Tran: Get, seanceID=567873c9-7950-4e6e-a7f3-61c7589c0615, paramID=\1AÁäAº"F·yhXÂ\08Ê, value=NULL'
01:22.555085-0,SYSTEM,2,process=rphost,p:processName=PPO_Store,t:clientID=3408,t:applicationName=WebServerExtension,t:computerName=1CWEB-1,t:connectID=22641,Usr=MobileZabbix,SessionID=506,level=TRACE,component=rserver,class=ClusterDistribService,line=903,file=src\ClusterDistribImpl.cpp,threadId=2852,func=getServiceInstanceManagersInt,serviceID=0ef7e7cd-9579-4bf3-a9a9-087393ecba54,ibName=ppo_store,serverIDs=,urls=98ae204f-8139-458f-8bce-f1f7982bdbfe:tcp://onyx-1c-ppo2:1541
01:22.555086-0,SYSTEM,2,process=rphost,p:processName=PPO_Store,t:clientID=3408,t:applicationName=WebServerExtension,t:computerName=1CWEB-1,t:connectID=22641,Usr=MobileZabbix,SessionID=506,level=TRACE,component=rserver,class=RMngrCalls,line=242,file=src\RMngrCalls.cpp,threadId=2852,func=call,ev=before,riid=2ebdaa8c-4a75-48f7-94bf-8206623aa9bb,ib=PPO_Store,meth=0,ids=98ae204f-8139-458f-8bce-f1f7982bdbfe:tcp://onyx-1c-ppo2:1541,rethrow=false
01:22.555088-1,SCALL,2,process=rphost,p:processName=PPO_Store,t:clientID=3408,t:applicationName=WebServerExtension,t:computerName=1CWEB-1,t:connectID=22641,Usr=MobileZabbix,SessionID=506,ClientID=3871,Interface=2ebdaa8c-4a75-48f7-94bf-8206623aa9bb,IName=IClusterLogMngr,Method=0,CallID=3408167,MName=writeLogEntryData
01:22.555089-0,SYSTEM,2,process=rphost,p:processName=PPO_Store,t:clientID=3408,t:applicationName=WebServerExtension,t:computerName=1CWEB-1,t:connectID=22641,Usr=MobileZabbix,SessionID=506,level=TRACE,component=rserver,class=ClusterDistribService,line=903,file=src\ClusterDistribImpl.cpp,threadId=2852,func=getServiceInstanceManagersInt,serviceID=0ef7e7cd-9579-4bf3-a9a9-087393ecba54,ibName=ppo_store,serverIDs=,urls=98ae204f-8139-458f-8bce-f1f7982bdbfe:tcp://onyx-1c-ppo2:1541
01:22.555090-0,SYSTEM,2,process=rphost,p:processName=PPO_Store,t:clientID=3408,t:applicationName=WebServerExtension,t:computerName=1CWEB-1,t:connectID=22641,Usr=MobileZabbix,SessionID=506,level=TRACE,component=rserver,class=RMngrCalls,line=242,file=src\RMngrCalls.cpp,threadId=2852,func=call,ev=before,riid=2ebdaa8c-4a75-48f7-94bf-8206623aa9bb,ib=PPO_Store,meth=0,ids=98ae204f-8139-458f-8bce-f1f7982bdbfe:tcp://onyx-1c-ppo2:1541,rethrow=false
01:22.555092-1,SCALL,2,process=rphost,p:processName=PPO_Store,t:clientID=3408,t:applicationName=WebServerExtension,t:computerName=1CWEB-1,t:connectID=22641,Usr=MobileZabbix,SessionID=506,ClientID=3871,Interface=2ebdaa8c-4a75-48f7-94bf-8206623aa9bb,IName=IClusterLogMngr,Method=0,CallID=3408168,MName=writeLogEntryData
01:22.555093-0,SYSTEM,2,process=rphost,p:processName=PPO_Store,t:clientID=3408,t:applicationName=WebServerExtension,t:computerName=1CWEB-1,t:connectID=22641,Usr=MobileZabbix,SessionID=506,level=INFO,component=backbas,class=backbas::SeanceContextCache,line=7937,file=src\SeanceContextBasImpl.cpp,Descr='Tran: Set, seanceID=567873c9-7950-4e6e-a7f3-61c7589c0615, paramID=ºe\0FÆ\11@A<¡ü^üg2, value=Object(d398e9db-a240-419e-97f2-4ad4947fe647), toGetChanges=0, lastKnownVer=0, changedParams=, callID=0, flags=, newLastKnownVer=0'
01:22.555094-0,SYSTEM,2,process=rphost,p:processName=PPO_Store,t:clientID=3408,t:applicationName=WebServerExtension,t:computerName=1CWEB-1,t:connectID=22641,Usr=MobileZabbix,SessionID=506,level=TRACE,component=rserver,class=ClusterDistribService,line=903,file=src\ClusterDistribImpl.cpp,threadId=2852,func=getServiceInstanceManagersInt,serviceID=ed7c4dca-81b9-4a1f-a2bd-bc05e7b18a7c,ibName=ppo_store,serverIDs=,urls=98ae204f-8139-458f-8bce-f1f7982bdbfe:tcp://onyx-1c-ppo2:1541
01:22.555095-0,SYSTEM,2,process=rphost,p:processName=PPO_Store,t:clientID=3408,t:applicationName=WebServerExtension,t:computerName=1CWEB-1,t:connectID=22641,Usr=MobileZabbix,SessionID=506,level=TRACE,component=rserver,class=RMngrCalls,line=242,file=src\RMngrCalls.cpp,threadId=2852,func=call,ev=before,riid=12af46e1-4f3e-4446-a753-519e54d55f48,ib=PPO_Store,meth=0,ids=98ae204f-8139-458f-8bce-f1f7982bdbfe:tcp://onyx-1c-ppo2:1541,rethrow=false
01:22.555097-1,SCALL,2,process=rphost,p:processName=PPO_Store,t:clientID=3408,t:applicationName=WebServerExtension,t:computerName=1CWEB-1,t:connectID=22641,Usr=MobileZabbix,SessionID=506,ClientID=3871,Interface=12af46e1-4f3e-4446-a753-519e54d55f48,IName=IObjectLocksStor,Method=0,CallID=3408169,MName=lockObject
01:22.555098-0,SYSTEM,2,process=rphost,p:processName=PPO_Store,t:clientID=3408,t:applicationName=WebServerExtension,t:computerName=1CWEB-1,t:connectID=22641,Usr=MobileZabbix,SessionID=506,level=TRACE,component=rserver,class=ClusterDistribService,line=903,file=src\ClusterDistribImpl.cpp,threadId=2852,func=getServiceInstanceManagersInt,serviceID=ed7c4dca-81b9-4a1f-a2bd-bc05e7b18a7c,ibName=ppo_store,serverIDs=,urls=98ae204f-8139-458f-8bce-f1f7982bdbfe:tcp://onyx-1c-ppo2:1541
01:22.555099-0,SYSTEM,2,process=rphost,p:processName=PPO_Store,t:clientID=3408,t:applicationName=WebServerExtension,t:computerName=1CWEB-1,t:connectID=22641,Usr=MobileZabbix,SessionID=506,level=TRACE,component=rserver,class=RMngrCalls,line=242,file=src\RMngrCalls.cpp,threadId=2852,func=call,ev=before,riid=12af46e1-4f3e-4446-a753-519e54d55f48,ib=PPO_Store,meth=1,ids=98ae204f-8139-458f-8bce-f1f7982bdbfe:tcp://onyx-1c-ppo2:1541,rethrow=false
01:22.555101-1,SCALL,2,process=rphost,p:processName=PPO_Store,t:clientID=3408,t:applicationName=WebServerExtension,t:computerName=1CWEB-1,t:connectID=22641,Usr=MobileZabbix,SessionID=506,ClientID=3871,Interface=12af46e1-4f3e-4446-a753-519e54d55f48,IName=IObjectLocksStor,Method=1,CallID=3408170,MName=unlockObjectS
01:22.555102-0,SYSTEM,2,process=rphost,p:processName=PPO_Store,t:clientID=3408,t:applicationName=WebServerExtension,t:computerName=1CWEB-1,t:connectID=22641,Usr=MobileZabbix,SessionID=506,level=INFO,component=backbas,class=backbas::SeanceContextCache,line=7937,file=src\SeanceContextBasImpl.cpp,Descr='Tran: Set, seanceID=567873c9-7950-4e6e-a7f3-61c7589c0615, paramID=ºe\0FÆ\11@A<¡ü^üg2, value=Object(d398e9db-a240-419e-97f2-4ad4947fe647), toGetChanges=0, lastKnownVer=0, changedParams=, callID=0, flags=, newLastKnownVer=0'
01:22.555103-0,SYSTEM,2,process=rphost,p:processName=PPO_Store,t:clientID=3408,t:applicationName=WebServerExtension,t:computerName=1CWEB-1,t:connectID=22641,Usr=MobileZabbix,SessionID=506,level=TRACE,component=vrscore,class=VResourceHTTPConnector,line=748,file=src\VResourceConnectionImpl.cpp,threadId=2852,func=create,key=,url=http://onyx-1c-ppo2:1550
01:22.555104-0,SYSTEM,2,process=rphost,p:processName=PPO_Store,t:clientID=3408,t:applicationName=WebServerExtension,t:computerName=1CWEB-1,t:connectID=22641,Usr=MobileZabbix,SessionID=506,level=TRACE,component=vrscore,class=VResourceConnectionPool,line=1326,file=src\VResourceConnectionImpl.cpp,threadId=2852,func=create,maxSize=10000,maxAge=1200,attemptsCount=5,attemptTimeout=1000,waitTimeout=500,heartbeatTimeout=5000,heartbeatPeriod=1000
01:22.555105-0,SYSTEM,2,process=rphost,p:processName=PPO_Store,t:clientID=3408,t:applicationName=WebServerExtension,t:computerName=1CWEB-1,t:connectID=22641,Usr=MobileZabbix,SessionID=506,level=TRACE,component=vrscore,class=VResourceConnectionPool,line=1613,file=src\VResourceConnectionImpl.cpp,threadId=2852,func=acquireConnection,resource=,seance=a47dd607-e565-4ef7-8a57-f64633851083
01:22.555106-0,SYSTEM,2,process=rphost,p:processName=PPO_Store,t:clientID=3408,t:applicationName=WebServerExtension,t:computerName=1CWEB-1,t:connectID=22641,Usr=MobileZabbix,SessionID=506,level=TRACE,component=vrscore,class=VResourceConnectionPool,line=1474,file=src\VResourceConnectionImpl.cpp,threadId=2852,func=remove,seance=a47dd607-e565-4ef7-8a57-f64633851083,process=,context=,result=null
01:22.555107-0,SYSTEM,2,process=rphost,p:processName=PPO_Store,t:clientID=3408,t:applicationName=WebServerExtension,t:computerName=1CWEB-1,t:connectID=22641,Usr=MobileZabbix,SessionID=506,level=TRACE,component=vrscore,class=VResourceConnectionPool,line=1401,file=src\VResourceConnectionImpl.cpp,threadId=2852,func=connect,address=,context=
01:22.555108-0,SYSTEM,2,process=rphost,p:processName=PPO_Store,t:clientID=3408,t:applicationName=WebServerExtension,t:computerName=1CWEB-1,t:connectID=22641,Usr=MobileZabbix,SessionID=506,level=TRACE,component=vrscore,class=VResourceHTTPConnector,line=815,file=src\VResourceConnectionImpl.cpp,threadId=2852,func=connect,url=http://onyx-1c-ppo2:1550,attempt=5
01:22.555109-0,SYSTEM,2,process=rphost,p:processName=PPO_Store,t:clientID=3408,t:applicationName=WebServerExtension,t:computerName=1CWEB-1,t:connectID=22641,Usr=MobileZabbix,SessionID=506,level=TRACE,component=inet,class=HTTPConnectionEx,line=3328,file=src\HTTPImpl.cpp,threadId=2852,func=open,this=0000000043317D60,url=http://onyx-1c-ppo2:1550,auth=any,timeout=0,autoAuth=true,useSSLv3=3
01:22.555110-0,SYSTEM,2,process=rphost,p:processName=PPO_Store,t:clientID=3408,t:applicationName=WebServerExtension,t:computerName=1CWEB-1,t:connectID=22641,Usr=MobileZabbix,SessionID=506,level=TRACE,component=vrscore,class=VResourceConnectionPool,line=1674,file=src\VResourceConnectionImpl.cpp,threadId=2852,func=acquireConnection,resource=,seance=a47dd607-e565-4ef7-8a57-f64633851083,process=,context=
01:22.555111-0,SYSTEM,2,process=rphost,p:processName=PPO_Store,t:clientID=3408,t:applicationName=WebServerExtension,t:computerName=1CWEB-1,t:connectID=22641,Usr=MobileZabbix,SessionID=506,level=TRACE,component=vrscore,class=VResourceHTTPConnector,line=748,file=src\VResourceConnectionImpl.cpp,threadId=2852,func=create,key=,url=http://onyx-1c-ppo2:1550
01:22.555112-0,SYSTEM,2,process=rphost,p:processName=PPO_Store,t:clientID=3408,t:applicationName=WebServerExtension,t:computerName=1CWEB-1,t:connectID=22641,Usr=MobileZabbix,SessionID=506,level=TRACE,component=vrscore,class=VResourceConnectionPool,line=1326,file=src\VResourceConnectionImpl.cpp,threadId=2852,func=create,maxSize=10000,maxAge=1200,attemptsCount=5,attemptTimeout=1000,waitTimeout=500,heartbeatTimeout=5000,heartbeatPeriod=1000
01:22.555113-0,SYSTEM,2,process=rphost,p:processName=PPO_Store,t:clientID=3408,t:applicationName=WebServerExtension,t:computerName=1CWEB-1,t:connectID=22641,Usr=MobileZabbix,SessionID=506,level=TRACE,component=vrscore,class=VResourceConnectionPool,line=1613,file=src\VResourceConnectionImpl.cpp,threadId=2852,func=acquireConnection,resource=,seance=292983d3-28cc-47fc-941f-fdc02a23546f
01:22.555114-0,SYSTEM,2,process=rphost,p:processName=PPO_Store,t:clientID=3408,t:applicationName=WebServerExtension,t:computerName=1CWEB-1,t:connectID=22641,Usr=MobileZabbix,SessionID=506,level=TRACE,component=vrscore,class=VResourceConnectionPool,line=1474,file=src\VResourceConnectionImpl.cpp,threadId=2852,func=remove,seance=292983d3-28cc-47fc-941f-fdc02a23546f,process=,context=,result=null
01:22.555115-0,SYSTEM,2,process=rphost,p:processName=PPO_Store,t:clientID=3408,t:applicationName=WebServerExtension,t:computerName=1CWEB-1,t:connectID=22641,Usr=MobileZabbix,SessionID=506,level=TRACE,component=vrscore,class=VResourceConnectionPool,line=1401,file=src\VResourceConnectionImpl.cpp,threadId=2852,func=connect,address=,context=
01:22.555116-0,SYSTEM,2,process=rphost,p:processName=PPO_Store,t:clientID=3408,t:applicationName=WebServerExtension,t:computerName=1CWEB-1,t:connectID=22641,Usr=MobileZabbix,SessionID=506,level=TRACE,component=vrscore,class=VResourceHTTPConnector,line=815,file=src\VResourceConnectionImpl.cpp,threadId=2852,func=connect,url=http://onyx-1c-ppo2:1550,attempt=5
01:22.555117-0,SYSTEM,2,process=rphost,p:processName=PPO_Store,t:clientID=3408,t:applicationName=WebServerExtension,t:computerName=1CWEB-1,t:connectID=22641,Usr=MobileZabbix,SessionID=506,level=TRACE,component=inet,class=HTTPConnectionEx,line=3328,file=src\HTTPImpl.cpp,threadId=2852,func=open,this=00000000433177E0,url=http://onyx-1c-ppo2:1550,auth=any,timeout=0,autoAuth=true,useSSLv3=3
01:22.555118-0,SYSTEM,2,process=rphost,p:processName=PPO_Store,t:clientID=3408,t:applicationName=WebServerExtension,t:computerName=1CWEB-1,t:connectID=22641,Usr=MobileZabbix,SessionID=506,level=TRACE,component=vrscore,class=VResourceConnectionPool,line=1674,file=src\VResourceConnectionImpl.cpp,threadId=2852,func=acquireConnection,resource=,seance=292983d3-28cc-47fc-941f-fdc02a23546f,process=,context=
01:22.571000-0,SYSTEM,2,process=rphost,p:processName=PPO_Store,t:clientID=3408,t:applicationName=WebServerExtension,t:computerName=1CWEB-1,t:connectID=22641,Usr=MobileZabbix,SessionID=506,level=TRACE,component=xdto,class=XDTOFactoryBuilder,line=236,file=src\XDTOFactoryImpl.cpp,threadId=2852,func=createFactory,processs=0000000003FE46A0,factory=0000000004EE3658,packages='["http://v8.1c.ru/8.2/bsl", "http://v8.1c.ru/8.2/data/bsl", "http://v8.1c.ru/8.2/virtual-resource-system", "http://v8.1c.ru/8.2/managed-application/InteractiveSecurityException", "http://v8.1c.ru/8.1/data/ui", "http://v8.1c.ru/8.2/managed-application/logformexception", "http://v8.1c.ru/8.2/managed-application/seancecontextexception", "http://www.w3.org/2001/XMLSchema", "http://v8.1c.ru/8.1/xdto", "http://v8.1c.ru/8.2/managed-application/edbexception", "http://v8.1c.ru/8.2/data/chart", "http://v8.1c.ru/8.1/data/core", "http://v8.1c.ru/8.3/data/ext", "http://v8.1c.ru/8.1/data/enterprise", "http://v8.1c.ru/8.1/data-composition-system/core", "http://v8.1c.ru/8.1/data/txtedt", "http://v8.1c.ru/8.1/data-composition-system/settings", "http://v8.1c.ru/8.2/data/data-analysis", "http://v8.1c.ru/8.2/data/spreadsheet", "http://v8.1c.ru/8.2/managed-application/user-settings", "http://v8.1c.ru/8.1/data-composition-system/details", "http://v8.1c.ru/8.3/managed-application/logform/hippo", "http://v8.1c.ru/8.2/managed-application/core", "http://v8.1c.ru/8.3/data/planner", "http://v8.1c.ru/8.2/data/formatted-document", "http://v8.1c.ru/8.2/uobjects", "http://v8.1c.ru/8.2/managed-application/logform", "http://v8.1c.ru/8.3/xcf/enums", "http://v8.1c.ru/8.2/data/graphscheme", "http://v8.1c.ru/8.2/managed-application/dynamic-list-composition-template", "http://v8.1c.ru/8.2/roles", "http://v8.1c.ru/8.2/managed-application/dynamic-list-server", "http://v8.1c.ru/8.1/data-composition-system/composition-template", "http://v8.1c.ru/8.1/data-composition-system/area-template", "http://v8.1c.ru/8.3/TestAndRepairExchangePlanIntegrityReport", "http://v8.1c.ru/8.3/xcf/readable", "http://v8.1c.ru/8.2/managed-application/modules", "http://v8.1c.ru/8.2/managed-application/cmi", "http://v8.1c.ru/8.2/data/geo", "http://v8.1c.ru/8.2/managed-application/dynamic-list-data", "http://v8.1c.ru/8.2/managed-application/logform/layouter", "http://v8.1c.ru/8.3/debugger/debugRTEInfo", "http://v8.1c.ru/8.3/debugger/debugMeasure", "http://v8.1c.ru/8.3/debugger/debugForegroundData", "http://v8.1c.ru/8.1/data-composition-system/common", "http://v8.1c.ru/8.3/debugger/debugDBGUICommands", "http://v8.1c.ru/8.2/data/test", "http://v8.1c.ru/8.3/debugger/debugAutoAttach", "http://v8.1c.ru/8.3/debugger/debugCalculations", "http://v8.1c.ru/8.3/debugger/dbgtgtRequestResponse", "http://v8.1c.ru/8.3/debugger/dbgtgtData", "http://v8.1c.ru/8.1/data-composition-system/appearance-template", "http://v8.1c.ru/8.1/data-composition-system/schema", "http://v8.1c.ru/8.3/debugger/debugArea", "http://v8.1c.ru/8.3/debugger/debugBreakpoints", "http://v8.1c.ru/8.3/debugger/debugBaseData", "http://v8.1c.ru/8.3/debugger/debugRDBGRequestResponse", "http://v8.1c.ru/8.1/data-composition-system/result", "http://v8.1c.ru/8.3/debugger/debugRTEFilter", "http://v8.1c.ru/8.3/debugger/dbgtgtRemoteRequestResponse", "http://v8.1c.ru/8.3/debugger/dbgtgtBP", "http://v8.1c.ru/8.3/debugger/dbgtgtCommands", "http://v8.1c.ru/8.3/debugger/dbgtgtErroInfo"]'
01:22.586000-0,SYSTEM,3,process=rphost,p:processName=PPO_Store,t:clientID=3408,t:applicationName=WebServerExtension,t:computerName=1CWEB-1,t:connectID=22641,Usr=MobileZabbix,SessionID=506,level=TRACE,component=inet,class=HTTPConnectionEx,line=3271,file=src\HTTPImpl.cpp,threadId=2852,func='"curl_http"',text='  Trying 10.1.252.32...
',handle=000000008118C040
01:22.586001-0,SYSTEM,3,process=rphost,p:processName=PPO_Store,t:clientID=3408,t:applicationName=WebServerExtension,t:computerName=1CWEB-1,t:connectID=22641,Usr=MobileZabbix,SessionID=506,level=TRACE,component=inet,class=HTTPConnectionEx,line=3271,file=src\HTTPImpl.cpp,threadId=2852,func='"curl_http"',text='TCP_NODELAY set
',handle=000000008118C040
01:22.586002-0,SYSTEM,3,process=rphost,p:processName=PPO_Store,t:clientID=3408,t:applicationName=WebServerExtension,t:computerName=1CWEB-1,t:connectID=22641,Usr=MobileZabbix,SessionID=506,level=TRACE,component=inet,class=HTTPConnectionEx,line=3271,file=src\HTTPImpl.cpp,threadId=2852,func='"curl_http"',text='Connected to onyx-1c-ppo2 (10.1.252.32) port 1550 (#0)
',handle=000000008118C040
01:22.586003-0,SYSTEM,3,process=rphost,p:processName=PPO_Store,t:clientID=3408,t:applicationName=WebServerExtension,t:computerName=1CWEB-1,t:connectID=22641,Usr=MobileZabbix,SessionID=506,level=TRACE,component=inet,class=HTTPConnectionEx,line=3271,file=src\HTTPImpl.cpp,threadId=2852,func='"curl_http"',text='upload completely sent off: 816 out of 816 bytes
',handle=000000008118C040
01:22.586004-0,SYSTEM,3,process=rphost,p:processName=PPO_Store,t:clientID=3408,t:applicationName=WebServerExtension,t:computerName=1CWEB-1,t:connectID=22641,Usr=MobileZabbix,SessionID=506,level=TRACE,component=inet,class=HTTPConnectionEx,line=3271,file=src\HTTPImpl.cpp,threadId=2852,func='"curl_http"',text='Connection #0 to host onyx-1c-ppo2 left intact
',handle=000000008118C040
01:22.586005-15004,SYSTEM,2,process=rphost,p:processName=PPO_Store,t:clientID=3408,t:applicationName=WebServerExtension,t:computerName=1CWEB-1,t:connectID=22641,Usr=MobileZabbix,SessionID=506,level=TRACE,component=vrscore,class=VResourceConnectionProxy,line=1893,file=src\VResourceConnectionImpl.cpp,threadId=2852,func=send,resource='/e1crdbg/RemoteDebuggerRunTime?cmd=register',seance=a47dd607-e565-4ef7-8a57-f64633851083,process=,context=,timeout=0
01:22.586006-0,SYSTEM,2,process=rphost,p:processName=PPO_Store,t:clientID=3408,t:applicationName=WebServerExtension,t:computerName=1CWEB-1,t:connectID=22641,Usr=MobileZabbix,SessionID=506,level=INFO,component=backbas,class=backbas::SeanceContextCache,line=6051,file=src\SeanceContextBasImpl.cpp,Descr='Obj: Get, seanceID=567873c9-7950-4e6e-a7f3-61c7589c0615, paramID=hÐF\\¸LÛ \14l/F, value=NULL'
01:22.586007-0,SYSTEM,2,process=rphost,p:processName=PPO_Store,t:clientID=3408,t:applicationName=WebServerExtension,t:computerName=1CWEB-1,t:connectID=22641,Usr=MobileZabbix,SessionID=506,level=INFO,component=backbas,class=backbas::SeanceContextCache,line=7988,file=src\SeanceContextBasImpl.cpp,Descr='Tran: Get, seanceID=567873c9-7950-4e6e-a7f3-61c7589c0615, paramID=hÐF\\¸LÛ \14l/F, value=NULL'
01:22.586008-0,SYSTEM,2,process=rphost,p:processName=PPO_Store,t:clientID=3408,t:applicationName=WebServerExtension,t:computerName=1CWEB-1,t:connectID=22641,Usr=MobileZabbix,SessionID=506,level=INFO,component=backbas,class=backbas::SeanceContextCache,line=7937,file=src\SeanceContextBasImpl.cpp,Descr='Tran: Set, seanceID=567873c9-7950-4e6e-a7f3-61c7589c0615, paramID=hÐF\\¸LÛ \14l/F, value=Object(e6112b1c-0bde-496b-9056-e21991149208), toGetChanges=0, lastKnownVer=0, changedParams=, callID=0, flags=, newLastKnownVer=0'
01:22.586009-0,SYSTEM,2,process=rphost,p:processName=PPO_Store,t:clientID=3408,t:applicationName=WebServerExtension,t:computerName=1CWEB-1,t:connectID=22641,Usr=MobileZabbix,SessionID=506,level=INFO,component=backbas,class=backbas::SeanceContextCache,line=7937,file=src\SeanceContextBasImpl.cpp,Descr='Tran: Set, seanceID=567873c9-7950-4e6e-a7f3-61c7589c0615, paramID=4¨;\1EL\0CNd¹ìãáQ¶V, value=Object(0d4ba65b-3384-49a6-9729-522271e19484), toGetChanges=0, lastKnownVer=0, changedParams=, callID=0, flags=, newLastKnownVer=0'
01:22.586010-0,SYSTEM,2,process=rphost,p:processName=PPO_Store,t:clientID=3408,t:applicationName=WebServerExtension,t:computerName=1CWEB-1,t:connectID=22641,Usr=MobileZabbix,SessionID=506,level=INFO,component=backbas,class=backbas::SeanceContextCache,line=6051,file=src\SeanceContextBasImpl.cpp,Descr='Obj: Get, seanceID=567873c9-7950-4e6e-a7f3-61c7589c0615, paramID=üQ·fE­\17m¦>g, value=NULL'
01:22.586011-0,SYSTEM,2,process=rphost,p:processName=PPO_Store,t:clientID=3408,t:applicationName=WebServerExtension,t:computerName=1CWEB-1,t:connectID=22641,Usr=MobileZabbix,SessionID=506,level=INFO,component=backbas,class=backbas::SeanceContextCache,line=7988,file=src\SeanceContextBasImpl.cpp,Descr='Tran: Get, seanceID=567873c9-7950-4e6e-a7f3-61c7589c0615, paramID=üQ·fE­\17m¦>g, value=NULL'
01:22.586012-0,SYSTEM,2,process=rphost,p:processName=PPO_Store,t:clientID=3408,t:applicationName=WebServerExtension,t:computerName=1CWEB-1,t:connectID=22641,Usr=MobileZabbix,SessionID=506,level=INFO,component=backbas,class=backbas::SeanceContextCache,line=7937,file=src\SeanceContextBasImpl.cpp,Descr='Tran: Set, seanceID=567873c9-7950-4e6e-a7f3-61c7589c0615, paramID=üQ·fE­\17m¦>g, value=Object(c6d73947-a740-4374-b02b-5faff31abbc6), toGetChanges=0, lastKnownVer=0, changedParams=, callID=0, flags=, newLastKnownVer=0'
01:22.586013-0,SYSTEM,2,process=rphost,p:processName=PPO_Store,t:clientID=3408,t:applicationName=WebServerExtension,t:computerName=1CWEB-1,t:connectID=22641,Usr=MobileZabbix,SessionID=506,level=INFO,component=backbas,class=backbas::SeanceContextCache,line=7937,file=src\SeanceContextBasImpl.cpp,Descr='Tran: Set, seanceID=567873c9-7950-4e6e-a7f3-61c7589c0615, paramID=W\11`ÃæµB`¶V&!ñ°ô, value=Object(d45d2c6c-5e0d-43cc-8990-6049d879cd60), toGetChanges=0, lastKnownVer=0, changedParams=, callID=0, flags=, newLastKnownVer=0'
01:22.586014-0,SYSTEM,2,process=rphost,p:processName=PPO_Store,t:clientID=3408,t:applicationName=WebServerExtension,t:computerName=1CWEB-1,t:connectID=22641,Usr=MobileZabbix,SessionID=506,level=INFO,component=backbas,class=backbas::SeanceContextCache,line=7937,file=src\SeanceContextBasImpl.cpp,Descr='Tran: Set, seanceID=567873c9-7950-4e6e-a7f3-61c7589c0615, paramID=£\04\17J\11a-\01øþ, value=Object(String()), toGetChanges=0, lastKnownVer=0, changedParams=, callID=0, flags=, newLastKnownVer=0'
01:22.586015-0,SYSTEM,2,process=rphost,p:processName=PPO_Store,t:clientID=3408,t:applicationName=WebServerExtension,t:computerName=1CWEB-1,t:connectID=22641,Usr=MobileZabbix,SessionID=506,level=INFO,component=backbas,class=backbas::SeanceContextCache,line=7937,file=src\SeanceContextBasImpl.cpp,Descr='Tran: Set, seanceID=567873c9-7950-4e6e-a7f3-61c7589c0615, paramID=\01T{sÛLø´nÓ7\14>&â, value=Object(String()), toGetChanges=0, lastKnownVer=0, changedParams=, callID=0, flags=, newLastKnownVer=0'
01:22.586016-0,SYSTEM,2,process=rphost,p:processName=PPO_Store,t:clientID=3408,t:applicationName=WebServerExtension,t:computerName=1CWEB-1,t:connectID=22641,Usr=MobileZabbix,SessionID=506,level=INFO,component=backbas,class=backbas::SeanceContextCache,line=7937,file=src\SeanceContextBasImpl.cpp,Descr='Tran: Set, seanceID=567873c9-7950-4e6e-a7f3-61c7589c0615, paramID=A®4íÐ¨B¸k¯\00¶à\15, value=Object(String()), toGetChanges=0, lastKnownVer=0, changedParams=, callID=0, flags=, newLastKnownVer=0'
01:22.586017-0,SYSTEM,2,process=rphost,p:processName=PPO_Store,t:clientID=3408,t:applicationName=WebServerExtension,t:computerName=1CWEB-1,t:connectID=22641,Usr=MobileZabbix,SessionID=506,level=INFO,component=backbas,class=backbas::SeanceContextCache,line=6051,file=src\SeanceContextBasImpl.cpp,Descr='Obj: Get, seanceID=567873c9-7950-4e6e-a7f3-61c7589c0615, paramID=VøñØLé¥\0D8Vôª.i, value=NULL'
01:22.586018-0,SYSTEM,2,process=rphost,p:processName=PPO_Store,t:clientID=3408,t:applicationName=WebServerExtension,t:computerName=1CWEB-1,t:connectID=22641,Usr=MobileZabbix,SessionID=506,level=INFO,component=backbas,class=backbas::SeanceContextCache,line=7988,file=src\SeanceContextBasImpl.cpp,Descr='Tran: Get, seanceID=567873c9-7950-4e6e-a7f3-61c7589c0615, paramID=VøñØLé¥\0D8Vôª.i, value=NULL'
01:22.586019-0,SYSTEM,2,process=rphost,p:processName=PPO_Store,t:clientID=3408,t:applicationName=WebServerExtension,t:computerName=1CWEB-1,t:connectID=22641,Usr=MobileZabbix,SessionID=506,level=INFO,component=backbas,class=backbas::SeanceContextCache,line=6051,file=src\SeanceContextBasImpl.cpp,Descr='Obj: Get, seanceID=567873c9-7950-4e6e-a7f3-61c7589c0615, paramID=1f353217-9b04-4758-b6f1-f54f74baea74, value=NULL'
01:22.586020-0,SYSTEM,2,process=rphost,p:processName=PPO_Store,t:clientID=3408,t:applicationName=WebServerExtension,t:computerName=1CWEB-1,t:connectID=22641,Usr=MobileZabbix,SessionID=506,level=INFO,component=backbas,class=backbas::SeanceContextCache,line=7988,file=src\SeanceContextBasImpl.cpp,Descr='Tran: Get, seanceID=567873c9-7950-4e6e-a7f3-61c7589c0615, paramID=1f353217-9b04-4758-b6f1-f54f74baea74, value=NULL'
01:22.586021-0,SYSTEM,2,process=rphost,p:processName=PPO_Store,t:clientID=3408,t:applicationName=WebServerExtension,t:computerName=1CWEB-1,t:connectID=22641,Usr=MobileZabbix,SessionID=506,level=INFO,component=backbas,class=backbas::SeanceContextCache,line=6051,file=src\SeanceContextBasImpl.cpp,Descr='Obj: Get, seanceID=567873c9-7950-4e6e-a7f3-61c7589c0615, paramID=n)ã{ö\17@­ùc%\1ES, value=NULL',Context='
МодульСеанса : 10 : ПараметрыСеанса.APDEX_ТекущийЗамерВремени = ХранилищеЗначения;'
01:22.586022-0,SYSTEM,2,process=rphost,p:processName=PPO_Store,t:clientID=3408,t:applicationName=WebServerExtension,t:computerName=1CWEB-1,t:connectID=22641,Usr=MobileZabbix,SessionID=506,level=INFO,component=backbas,class=backbas::SeanceContextCache,line=7988,file=src\SeanceContextBasImpl.cpp,Descr='Tran: Get, seanceID=567873c9-7950-4e6e-a7f3-61c7589c0615, paramID=n)ã{ö\17@­ùc%\1ES, value=NULL',Context='
МодульСеанса : 10 : ПараметрыСеанса.APDEX_ТекущийЗамерВремени = ХранилищеЗначения;'
01:22.586023-0,SYSTEM,2,process=rphost,p:processName=PPO_Store,t:clientID=3408,t:applicationName=WebServerExtension,t:computerName=1CWEB-1,t:connectID=22641,Usr=MobileZabbix,SessionID=506,level=INFO,component=backbas,class=backbas::SeanceContextCache,line=6051,file=src\SeanceContextBasImpl.cpp,Descr='Obj: Get, seanceID=567873c9-7950-4e6e-a7f3-61c7589c0615, paramID=n)ã{ö\17@­ùc%\1ES, value=NULL',Context='
МодульСеанса : 10 : ПараметрыСеанса.APDEX_ТекущийЗамерВремени = ХранилищеЗначения;'
01:22.586024-0,SYSTEM,2,process=rphost,p:processName=PPO_Store,t:clientID=3408,t:applicationName=WebServerExtension,t:computerName=1CWEB-1,t:connectID=22641,Usr=MobileZabbix,SessionID=506,level=INFO,component=backbas,class=backbas::SeanceContextCache,line=7988,file=src\SeanceContextBasImpl.cpp,Descr='Tran: Get, seanceID=567873c9-7950-4e6e-a7f3-61c7589c0615, paramID=n)ã{ö\17@­ùc%\1ES, value=NULL',Context='
МодульСеанса : 10 : ПараметрыСеанса.APDEX_ТекущийЗамерВремени = ХранилищеЗначения;'
01:22.586025-0,SYSTEM,2,process=rphost,p:processName=PPO_Store,t:clientID=3408,t:applicationName=WebServerExtension,t:computerName=1CWEB-1,t:connectID=22641,Usr=MobileZabbix,SessionID=506,level=INFO,component=backbas,class=backbas::SeanceContextCache,line=7937,file=src\SeanceContextBasImpl.cpp,Descr='Tran: Set, seanceID=567873c9-7950-4e6e-a7f3-61c7589c0615, paramID=SesnParam(71), value=Object(f4e9fc61-758b-4ce8-9da5-51ac6dcd87d8), toGetChanges=0, lastKnownVer=0, changedParams=, callID=0, flags=, newLastKnownVer=0',Context='
МодульСеанса : 10 : ПараметрыСеанса.APDEX_ТекущийЗамерВремени = ХранилищеЗначения;'
01:22.586027-1,SYSTEM,2,process=rphost,p:processName=PPO_Store,t:clientID=3408,t:applicationName=WebServerExtension,t:computerName=1CWEB-1,t:connectID=22641,Usr=MobileZabbix,SessionID=506,level=TRACE,component=backbas,class=MemoryCleanerService,line=185,file=src\CleanMemoryImpl.cpp,threadId=2852,func=clean,divisor=1,Context='
МодульСеанса : 10 : ПараметрыСеанса.APDEX_ТекущийЗамерВремени = ХранилищеЗначения;'
01:22.586028-0,SYSTEM,2,process=rphost,p:processName=PPO_Store,t:clientID=3408,t:applicationName=WebServerExtension,t:computerName=1CWEB-1,t:connectID=22641,Usr=MobileZabbix,SessionID=506,level=TRACE,component=backbas,class=ObjectCacheStorage,line=107,file=src\ObjectCacheBasImpl.cpp,threadId=2852,func=lookUpObject,store=10,objectID=1760079378,Context='
МодульСеанса : 10 : ПараметрыСеанса.APDEX_ТекущийЗамерВремени = ХранилищеЗначения;'
01:22.586029-0,SYSTEM,2,process=rphost,p:processName=PPO_Store,t:clientID=3408,t:applicationName=WebServerExtension,t:computerName=1CWEB-1,t:connectID=22641,Usr=MobileZabbix,SessionID=506,level=TRACE,component=rserver,class=ClusterDistribService,line=903,file=src\ClusterDistribImpl.cpp,threadId=2852,func=getServiceInstanceManagersInt,serviceID=0ef7e7cd-9579-4bf3-a9a9-087393ecba54,ibName=ppo_store,serverIDs=,urls=98ae204f-8139-458f-8bce-f1f7982bdbfe:tcp://onyx-1c-ppo2:1541,Context='
МодульСеанса : 13 : APDEX_Настройки = APDEX_ОценкаПроизводительностиСерверВызовСервера.ПолучитьНастройки();
	ОбщийМодуль.APDEX_ОценкаПроизводительностиСерверВызовСервера.Модуль : 1228 : НаборЗаписей.Прочитать();'
01:22.586030-0,SYSTEM,2,process=rphost,p:processName=PPO_Store,t:clientID=3408,t:applicationName=WebServerExtension,t:computerName=1CWEB-1,t:connectID=22641,Usr=MobileZabbix,SessionID=506,level=TRACE,component=rserver,class=RMngrCalls,line=242,file=src\RMngrCalls.cpp,threadId=2852,func=call,ev=before,riid=2ebdaa8c-4a75-48f7-94bf-8206623aa9bb,ib=PPO_Store,meth=9,ids=98ae204f-8139-458f-8bce-f1f7982bdbfe:tcp://onyx-1c-ppo2:1541,rethrow=false,Context='
МодульСеанса : 13 : APDEX_Настройки = APDEX_ОценкаПроизводительностиСерверВызовСервера.ПолучитьНастройки();
	ОбщийМодуль.APDEX_ОценкаПроизводительностиСерверВызовСервера.Модуль : 1228 : НаборЗаписей.Прочитать();'
01:22.586032-1,SCALL,2,process=rphost,p:processName=PPO_Store,t:clientID=3408,t:applicationName=WebServerExtension,t:computerName=1CWEB-1,t:connectID=22641,Usr=MobileZabbix,SessionID=506,ClientID=3871,Interface=2ebdaa8c-4a75-48f7-94bf-8206623aa9bb,IName=IClusterLogMngr,Method=9,CallID=3408171,MName=transactionsLogging,Context='
МодульСеанса : 13 : APDEX_Настройки = APDEX_ОценкаПроизводительностиСерверВызовСервера.ПолучитьНастройки();
	ОбщийМодуль.APDEX_ОценкаПроизводительностиСерверВызовСервера.Модуль : 1228 : НаборЗаписей.Прочитать();'
01:22.586035-0,SDBL,4,process=rphost,p:processName=PPO_Store,t:clientID=3408,t:applicationName=WebServerExtension,t:computerName=1CWEB-1,t:connectID=22641,Usr=MobileZabbix,SessionID=506,Trans=1,Func=BeginTransaction,Context='
МодульСеанса : 13 : APDEX_Настройки = APDEX_ОценкаПроизводительностиСерверВызовСервера.ПолучитьНастройки();
	ОбщийМодуль.APDEX_ОценкаПроизводительностиСерверВызовСервера.Модуль : 1228 : НаборЗаписей.Прочитать();'
01:22.586036-0,SYSTEM,4,process=rphost,p:processName=PPO_Store,t:clientID=3408,t:applicationName=WebServerExtension,t:computerName=1CWEB-1,t:connectID=22641,Usr=MobileZabbix,SessionID=506,level=TRACE,component=sqlsrvr,class=LocalSQLTempTablePool,line=144,file=src\SQLTempTablePool.cpp,threadId=2852,func=onTakeConnection,spid=67,connnection=1694920560,used=0,free=0,tran=0,cache=44,inTransaction=false,Context='
МодульСеанса : 13 : APDEX_Настройки = APDEX_ОценкаПроизводительностиСерверВызовСервера.ПолучитьНастройки();
	ОбщийМодуль.APDEX_ОценкаПроизводительностиСерверВызовСервера.Модуль : 1228 : НаборЗаписей.Прочитать();'
01:22.586038-0,SYSTEM,5,process=rphost,p:processName=PPO_Store,t:clientID=3408,t:applicationName=WebServerExtension,t:computerName=1CWEB-1,t:connectID=22641,Usr=MobileZabbix,SessionID=506,level=TRACE,component=sqlsrvr,class=LocalSQLTempTablePool,line=196,file=src\SQLTempTablePool.cpp,threadId=2852,func=onBeginTransaction,spid=67,connnection=1694920560,used=0,free=0,tran=0,cache=44,inTransaction=false,Context='
МодульСеанса : 13 : APDEX_Настройки = APDEX_ОценкаПроизводительностиСерверВызовСервера.ПолучитьНастройки();
	ОбщийМодуль.APDEX_ОценкаПроизводительностиСерверВызовСервера.Модуль : 1228 : НаборЗаписей.Прочитать();'
01:22.586040-3,DBMSSQL,4,process=rphost,p:processName=PPO_Store,t:clientID=3408,t:applicationName=WebServerExtension,t:computerName=1CWEB-1,t:connectID=22641,Usr=MobileZabbix,SessionID=506,Trans=1,dbpid=67,Sql=BEGIN TRANSACTION,Context='
МодульСеанса : 13 : APDEX_Настройки = APDEX_ОценкаПроизводительностиСерверВызовСервера.ПолучитьНастройки();
	ОбщийМодуль.APDEX_ОценкаПроизводительностиСерверВызовСервера.Модуль : 1228 : НаборЗаписей.Прочитать();'
01:22.586041-0,SYSTEM,4,process=rphost,p:processName=PPO_Store,t:clientID=3408,t:applicationName=WebServerExtension,t:computerName=1CWEB-1,t:connectID=22641,Usr=MobileZabbix,SessionID=506,level=TRACE,component=rserver,class=RMngrNotify,line=635,file=src\RMngrCalls.cpp,threadId=2852,func=sendNotification,url=tcp://onyx-1c-ppo2:1541,methodPos=6,Context='
МодульСеанса : 13 : APDEX_Настройки = APDEX_ОценкаПроизводительностиСерверВызовСервера.ПолучитьНастройки();
	ОбщийМодуль.APDEX_ОценкаПроизводительностиСерверВызовСервера.Модуль : 1228 : НаборЗаписей.Прочитать();'
01:22.586043-1,SCALL,4,process=rphost,p:processName=PPO_Store,t:clientID=3408,t:applicationName=WebServerExtension,t:computerName=1CWEB-1,t:connectID=22641,Usr=MobileZabbix,SessionID=506,ClientID=3871,Interface=7931ae5c-5df1-463c-a53a-8e62bf74d068,IName=IExtNotify,Method=6,CallID=3408172,MName=onBeginTransaction,Context='
МодульСеанса : 13 : APDEX_Настройки = APDEX_ОценкаПроизводительностиСерверВызовСервера.ПолучитьНастройки();
	ОбщийМодуль.APDEX_ОценкаПроизводительностиСерверВызовСервера.Модуль : 1228 : НаборЗаписей.Прочитать();'
01:22.586045-1,SCALL,4,process=rphost,p:processName=PPO_Store,t:clientID=3408,t:applicationName=WebServerExtension,t:computerName=1CWEB-1,t:connectID=22641,Usr=MobileZabbix,SessionID=506,ClientID=3871,Interface=7f58f27d-5ad8-43a1-aa1e-c982f41bed5c,IName=IRemoteCreatorService,Method=2,CallID=3408173,MName=callPutEventContext,Context='
МодульСеанса : 13 : APDEX_Настройки = APDEX_ОценкаПроизводительностиСерверВызовСервера.ПолучитьНастройки();
	ОбщийМодуль.APDEX_ОценкаПроизводительностиСерверВызовСервера.Модуль : 1228 : НаборЗаписей.Прочитать();'
01:22.586046-0,SYSTEM,4,process=rphost,p:processName=PPO_Store,t:clientID=3408,t:applicationName=WebServerExtension,t:computerName=1CWEB-1,t:connectID=22641,Usr=MobileZabbix,SessionID=506,level=TRACE,component=rserver,class=RMngrCalls,line=242,file=src\RMngrCalls.cpp,threadId=2852,func=call,ev=before,riid=64016dc5-c439-49fa-8a71-c3cb708e243b,ib=,meth=8,ids=98ae204f-8139-458f-8bce-f1f7982bdbfe:tcp://onyx-1c-ppo2:1541,rethrow=false,Context='
МодульСеанса : 13 : APDEX_Настройки = APDEX_ОценкаПроизводительностиСерверВызовСервера.ПолучитьНастройки();
	ОбщийМодуль.APDEX_ОценкаПроизводительностиСерверВызовСервера.Модуль : 1228 : НаборЗаписей.Прочитать();'
01:22.586048-1,SCALL,4,process=rphost,p:processName=PPO_Store,t:clientID=3408,t:applicationName=WebServerExtension,t:computerName=1CWEB-1,t:connectID=22641,Usr=MobileZabbix,SessionID=506,ClientID=3871,Interface=64016dc5-c439-49fa-8a71-c3cb708e243b,IName=IClusterLocks,Method=8,CallID=3408174,MName=getProcessesSetVersion,Context='
МодульСеанса : 13 : APDEX_Настройки = APDEX_ОценкаПроизводительностиСерверВызовСервера.ПолучитьНастройки();
	ОбщийМодуль.APDEX_ОценкаПроизводительностиСерверВызовСервера.Модуль : 1228 : НаборЗаписей.Прочитать();'
01:22.586049-0,SYSTEM,4,process=rphost,p:processName=PPO_Store,t:clientID=3408,t:applicationName=WebServerExtension,t:computerName=1CWEB-1,t:connectID=22641,Usr=MobileZabbix,SessionID=506,level=WARNING,component=rserver,class=RMngrNotify,line=844,file=src\RMngrCalls.cpp,threadId=2852,func=call,ev=verChanged,locksVer=1672,ver=1672,Context='
МодульСеанса : 13 : APDEX_Настройки = APDEX_ОценкаПроизводительностиСерверВызовСервера.ПолучитьНастройки();
	ОбщийМодуль.APDEX_ОценкаПроизводительностиСерверВызовСервера.Модуль : 1228 : НаборЗаписей.Прочитать();'
01:22.586052-1,DBMSSQL,5,process=rphost,p:processName=PPO_Store,t:clientID=3408,t:applicationName=WebServerExtension,t:computerName=1CWEB-1,t:connectID=22641,Usr=MobileZabbix,SessionID=506,Trans=1,dbpid=67,Sql='SELECT
T1._Fld9956,
T1._Fld9957,
T1._Fld9958,
T1._Fld9959,
T1._Fld9960,
T1._Fld9961,
T1._Fld9962,
T1._Fld9963,
T1._Fld9964,
T1._Fld9965,
T1._Fld9966RRef,
T1._Fld9967,
T1._Fld9968,
T1._Fld9969RRef,
T1._Fld9970,
T1._Fld9971,
T1._Fld9972,
T1._Fld9973
FROM dbo._InfoRg9955 T1 WITH(SERIALIZABLE)
WHERE T1._Fld9956 = ?
ORDER BY T1._Fld9956
p_0: 0N
',Rows=1,RowsAffected=-1,planSQLText='
1, 1, 1, 0.00313, 0.000158, 1442, 0.00328, 1,   |--Clustered Index Seek(OBJECT:([PPO_Store].[dbo].[_InfoRg9955].[_InfoRg9955_ByDims_N] AS [T1]), SEEK:([T1].[_Fld9956]=[@P1]) ORDERED FORWARD)
',Context='
МодульСеанса : 13 : APDEX_Настройки = APDEX_ОценкаПроизводительностиСерверВызовСервера.ПолучитьНастройки();
	ОбщийМодуль.APDEX_ОценкаПроизводительностиСерверВызовСервера.Модуль : 1228 : НаборЗаписей.Прочитать();'
01:22.586053-3,SDBL,4,process=rphost,p:processName=PPO_Store,t:clientID=3408,t:applicationName=WebServerExtension,t:computerName=1CWEB-1,t:connectID=22641,Usr=MobileZabbix,SessionID=506,Trans=1,Sdbl='SELECT Fld9956,Fld9957,Fld9958,Fld9959,Fld9960,Fld9961,Fld9962,Fld9963,Fld9964,Fld9965,Fld9966,Fld9967,Fld9968,Fld9969,Fld9970,Fld9971,Fld9972,Fld9973 FROM InfoRg9955 WHERE Fld9956=0 ORDER BY Fld9956',Rows=1,Context='
МодульСеанса : 13 : APDEX_Настройки = APDEX_ОценкаПроизводительностиСерверВызовСервера.ПолучитьНастройки();
	ОбщийМодуль.APDEX_ОценкаПроизводительностиСерверВызовСервера.Модуль : 1228 : НаборЗаписей.Прочитать();'
01:22.586055-0,SYSTEM,5,process=rphost,p:processName=PPO_Store,t:clientID=3408,t:applicationName=WebServerExtension,t:computerName=1CWEB-1,t:connectID=22641,Usr=MobileZabbix,SessionID=506,level=TRACE,component=sqlsrvr,class=LocalSQLTempTablePool,line=213,file=src\SQLTempTablePool.cpp,threadId=2852,func=onCommitTransaction,spid=67,connnection=1694920560,used=0,free=0,tran=0,cache=44,inTransaction=true,Context='
МодульСеанса : 13 : APDEX_Настройки = APDEX_ОценкаПроизводительностиСерверВызовСервера.ПолучитьНастройки();
	ОбщийМодуль.APDEX_ОценкаПроизводительностиСерверВызовСервера.Модуль : 1228 : НаборЗаписей.Прочитать();'
01:22.586056-2,DBMSSQL,4,process=rphost,p:processName=PPO_Store,t:clientID=3408,t:applicationName=WebServerExtension,t:computerName=1CWEB-1,t:connectID=22641,Usr=MobileZabbix,SessionID=506,Trans=1,dbpid=67,Sql=COMMIT TRANSACTION,Context='
МодульСеанса : 13 : APDEX_Настройки = APDEX_ОценкаПроизводительностиСерверВызовСервера.ПолучитьНастройки();
	ОбщийМодуль.APDEX_ОценкаПроизводительностиСерверВызовСервера.Модуль : 1228 : НаборЗаписей.Прочитать();'
01:22.586057-23,SDBL,3,process=rphost,p:processName=PPO_Store,t:clientID=3408,t:applicationName=WebServerExtension,t:computerName=1CWEB-1,t:connectID=22641,Usr=MobileZabbix,SessionID=506,Trans=0,Func=Transaction,Func=CommitTransaction,Context='
МодульСеанса : 13 : APDEX_Настройки = APDEX_ОценкаПроизводительностиСерверВызовСервера.ПолучитьНастройки();
	ОбщийМодуль.APDEX_ОценкаПроизводительностиСерверВызовСервера.Модуль : 1228 : НаборЗаписей.Прочитать();'
01:22.586058-0,SYSTEM,3,process=rphost,p:processName=PPO_Store,t:clientID=3408,t:applicationName=WebServerExtension,t:computerName=1CWEB-1,t:connectID=22641,Usr=MobileZabbix,SessionID=506,level=TRACE,component=sqlsrvr,class=LocalSQLTempTablePool,line=166,file=src\SQLTempTablePool.cpp,threadId=2852,func=onReleaseConnection,spid=67,connnection=1694920560,used=0,free=0,tran=0,cache=44,inTransaction=false,Context='
МодульСеанса : 13 : APDEX_Настройки = APDEX_ОценкаПроизводительностиСерверВызовСервера.ПолучитьНастройки();
	ОбщийМодуль.APDEX_ОценкаПроизводительностиСерверВызовСервера.Модуль : 1228 : НаборЗаписей.Прочитать();'
01:22.586059-26,SDBL,2,process=rphost,p:processName=PPO_Store,t:clientID=3408,t:applicationName=WebServerExtension,t:computerName=1CWEB-1,t:connectID=22641,Usr=MobileZabbix,SessionID=506,Trans=0,Func=HoldConnection,Context='
МодульСеанса : 13 : APDEX_Настройки = APDEX_ОценкаПроизводительностиСерверВызовСервера.ПолучитьНастройки();
	ОбщийМодуль.APDEX_ОценкаПроизводительностиСерверВызовСервера.Модуль : 1228 : НаборЗаписей.Прочитать();'
01:22.586060-0,SYSTEM,2,process=rphost,p:processName=PPO_Store,t:clientID=3408,t:applicationName=WebServerExtension,t:computerName=1CWEB-1,t:connectID=22641,Usr=MobileZabbix,SessionID=506,level=INFO,component=backbas,class=backbas::SeanceContextCache,line=5813,file=src\SeanceContextBasImpl.cpp,Descr='change can retry, seanceID=567873c9-7950-4e6e-a7f3-61c7589c0615, CallID=0, canRetry=false',Context='
МодульСеанса : 13 : APDEX_Настройки = APDEX_ОценкаПроизводительностиСерверВызовСервера.ПолучитьНастройки();
	ОбщийМодуль.APDEX_ОценкаПроизводительностиСерверВызовСервера.Модуль : 1228 : НаборЗаписей.Прочитать();'
01:22.586061-0,SYSTEM,2,process=rphost,p:processName=PPO_Store,t:clientID=3408,t:applicationName=WebServerExtension,t:computerName=1CWEB-1,t:connectID=22641,Usr=MobileZabbix,SessionID=506,level=TRACE,component=rserver,class=ClusterDistribService,line=964,file=src\ClusterDistribImpl.cpp,threadId=2852,func=getCachedSeanceLocations,seanceID=567873c9-7950-4e6e-a7f3-61c7589c0615,urls=98ae204f-8139-458f-8bce-f1f7982bdbfe:tcp://onyx-1c-ppo2:1541,Context='
МодульСеанса : 13 : APDEX_Настройки = APDEX_ОценкаПроизводительностиСерверВызовСервера.ПолучитьНастройки();
	ОбщийМодуль.APDEX_ОценкаПроизводительностиСерверВызовСервера.Модуль : 1228 : НаборЗаписей.Прочитать();'
01:22.586062-0,SYSTEM,2,process=rphost,p:processName=PPO_Store,t:clientID=3408,t:applicationName=WebServerExtension,t:computerName=1CWEB-1,t:connectID=22641,Usr=MobileZabbix,SessionID=506,level=TRACE,component=rserver,class=ClusterDistribService,line=1263,file=src\ClusterDistribImpl.cpp,threadId=2852,func=getSeanceRMngrIDs,seanceID=567873c9-7950-4e6e-a7f3-61c7589c0615,urls=98ae204f-8139-458f-8bce-f1f7982bdbfe:tcp://onyx-1c-ppo2:1541,Context='
МодульСеанса : 13 : APDEX_Настройки = APDEX_ОценкаПроизводительностиСерверВызовСервера.ПолучитьНастройки();
	ОбщийМодуль.APDEX_ОценкаПроизводительностиСерверВызовСервера.Модуль : 1228 : НаборЗаписей.Прочитать();'
01:22.586063-0,SYSTEM,2,process=rphost,p:processName=PPO_Store,t:clientID=3408,t:applicationName=WebServerExtension,t:computerName=1CWEB-1,t:connectID=22641,Usr=MobileZabbix,SessionID=506,level=TRACE,component=rserver,class=RMngrCalls,line=242,file=src\RMngrCalls.cpp,threadId=2852,func=call,ev=before,riid=90b77326-8e4a-4195-b980-d758277d1f03,ib=PPO_Store,meth=13,ids=98ae204f-8139-458f-8bce-f1f7982bdbfe:tcp://onyx-1c-ppo2:1541,rethrow=false,Context='
МодульСеанса : 13 : APDEX_Настройки = APDEX_ОценкаПроизводительностиСерверВызовСервера.ПолучитьНастройки();
	ОбщийМодуль.APDEX_ОценкаПроизводительностиСерверВызовСервера.Модуль : 1228 : НаборЗаписей.Прочитать();'
01:22.586065-1,SCALL,2,process=rphost,p:processName=PPO_Store,t:clientID=3408,t:applicationName=WebServerExtension,t:computerName=1CWEB-1,t:connectID=22641,Usr=MobileZabbix,SessionID=506,ClientID=3871,Interface=90b77326-8e4a-4195-b980-d758277d1f03,IName=ISeanceContextStorage,Method=13,CallID=3408175,MName=setCallID,Context='
МодульСеанса : 13 : APDEX_Настройки = APDEX_ОценкаПроизводительностиСерверВызовСервера.ПолучитьНастройки();
	ОбщийМодуль.APDEX_ОценкаПроизводительностиСерверВызовСервера.Модуль : 1228 : НаборЗаписей.Прочитать();'
01:22.586067-1,SCALL,2,process=rphost,p:processName=PPO_Store,t:clientID=3408,t:applicationName=WebServerExtension,t:computerName=1CWEB-1,t:connectID=22641,Usr=MobileZabbix,SessionID=506,ClientID=3871,Interface=7f58f27d-5ad8-43a1-aa1e-c982f41bed5c,IName=IRemoteCreatorService,Method=2,CallID=3408176,MName=callPutEventContext,Context='
МодульСеанса : 13 : APDEX_Настройки = APDEX_ОценкаПроизводительностиСерверВызовСервера.ПолучитьНастройки();
	ОбщийМодуль.APDEX_ОценкаПроизводительностиСерверВызовСервера.Модуль : 1228 : НаборЗаписей.Прочитать();'
01:22.586068-0,SYSTEM,2,process=rphost,p:processName=PPO_Store,t:clientID=3408,t:applicationName=WebServerExtension,t:computerName=1CWEB-1,t:connectID=22641,Usr=MobileZabbix,SessionID=506,level=TRACE,component=rserver,class=RMngrNotify,line=635,file=src\RMngrCalls.cpp,threadId=2852,func=sendNotification,url=tcp://onyx-1c-ppo2:1541,methodPos=7,Context='
МодульСеанса : 13 : APDEX_Настройки = APDEX_ОценкаПроизводительностиСерверВызовСервера.ПолучитьНастройки();
	ОбщийМодуль.APDEX_ОценкаПроизводительностиСерверВызовСервера.Модуль : 1228 : НаборЗаписей.Прочитать();'
01:22.586070-1,SCALL,2,process=rphost,p:processName=PPO_Store,t:clientID=3408,t:applicationName=WebServerExtension,t:computerName=1CWEB-1,t:connectID=22641,Usr=MobileZabbix,SessionID=506,ClientID=3871,Interface=7931ae5c-5df1-463c-a53a-8e62bf74d068,IName=IExtNotify,Method=7,CallID=3408177,MName=onCommitTransaction,Context='
МодульСеанса : 13 : APDEX_Настройки = APDEX_ОценкаПроизводительностиСерверВызовСервера.ПолучитьНастройки();
	ОбщийМодуль.APDEX_ОценкаПроизводительностиСерверВызовСервера.Модуль : 1228 : НаборЗаписей.Прочитать();'
01:22.586072-1,SCALL,2,process=rphost,p:processName=PPO_Store,t:clientID=3408,t:applicationName=WebServerExtension,t:computerName=1CWEB-1,t:connectID=22641,Usr=MobileZabbix,SessionID=506,ClientID=3871,Interface=7f58f27d-5ad8-43a1-aa1e-c982f41bed5c,IName=IRemoteCreatorService,Method=2,CallID=3408178,MName=callPutEventContext,Context='
МодульСеанса : 13 : APDEX_Настройки = APDEX_ОценкаПроизводительностиСерверВызовСервера.ПолучитьНастройки();
	ОбщийМодуль.APDEX_ОценкаПроизводительностиСерверВызовСервера.Модуль : 1228 : НаборЗаписей.Прочитать();'
01:22.586073-0,SYSTEM,2,process=rphost,p:processName=PPO_Store,t:clientID=3408,t:applicationName=WebServerExtension,t:computerName=1CWEB-1,t:connectID=22641,Usr=MobileZabbix,SessionID=506,level=TRACE,component=rserver,class=RMngrCalls,line=242,file=src\RMngrCalls.cpp,threadId=2852,func=call,ev=before,riid=64016dc5-c439-49fa-8a71-c3cb708e243b,ib=,meth=8,ids=98ae204f-8139-458f-8bce-f1f7982bdbfe:tcp://onyx-1c-ppo2:1541,rethrow=false,Context='
МодульСеанса : 13 : APDEX_Настройки = APDEX_ОценкаПроизводительностиСерверВызовСервера.ПолучитьНастройки();
	ОбщийМодуль.APDEX_ОценкаПроизводительностиСерверВызовСервера.Модуль : 1228 : НаборЗаписей.Прочитать();'
01:22.586075-1,SCALL,2,process=rphost,p:processName=PPO_Store,t:clientID=3408,t:applicationName=WebServerExtension,t:computerName=1CWEB-1,t:connectID=22641,Usr=MobileZabbix,SessionID=506,ClientID=3871,Interface=64016dc5-c439-49fa-8a71-c3cb708e243b,IName=IClusterLocks,Method=8,CallID=3408179,MName=getProcessesSetVersion,Context='
МодульСеанса : 13 : APDEX_Настройки = APDEX_ОценкаПроизводительностиСерверВызовСервера.ПолучитьНастройки();
	ОбщийМодуль.APDEX_ОценкаПроизводительностиСерверВызовСервера.Модуль : 1228 : НаборЗаписей.Прочитать();'
01:22.586076-0,SYSTEM,2,process=rphost,p:processName=PPO_Store,t:clientID=3408,t:applicationName=WebServerExtension,t:computerName=1CWEB-1,t:connectID=22641,Usr=MobileZabbix,SessionID=506,level=WARNING,component=rserver,class=RMngrNotify,line=844,file=src\RMngrCalls.cpp,threadId=2852,func=call,ev=verChanged,locksVer=1672,ver=1672,Context='
МодульСеанса : 13 : APDEX_Настройки = APDEX_ОценкаПроизводительностиСерверВызовСервера.ПолучитьНастройки();
	ОбщийМодуль.APDEX_ОценкаПроизводительностиСерверВызовСервера.Модуль : 1228 : НаборЗаписей.Прочитать();'
01:22.586077-0,SYSTEM,2,process=rphost,p:processName=PPO_Store,t:clientID=3408,t:applicationName=WebServerExtension,t:computerName=1CWEB-1,t:connectID=22641,Usr=MobileZabbix,SessionID=506,level=TRACE,component=rserver,class=ClusterDistribService,line=903,file=src\ClusterDistribImpl.cpp,threadId=2852,func=getServiceInstanceManagersInt,serviceID=0ef7e7cd-9579-4bf3-a9a9-087393ecba54,ibName=ppo_store,serverIDs=,urls=98ae204f-8139-458f-8bce-f1f7982bdbfe:tcp://onyx-1c-ppo2:1541,Context='
МодульСеанса : 13 : APDEX_Настройки = APDEX_ОценкаПроизводительностиСерверВызовСервера.ПолучитьНастройки();
	ОбщийМодуль.APDEX_ОценкаПроизводительностиСерверВызовСервера.Модуль : 1228 : НаборЗаписей.Прочитать();'
01:22.586078-0,SYSTEM,2,process=rphost,p:processName=PPO_Store,t:clientID=3408,t:applicationName=WebServerExtension,t:computerName=1CWEB-1,t:connectID=22641,Usr=MobileZabbix,SessionID=506,level=TRACE,component=rserver,class=RMngrCalls,line=242,file=src\RMngrCalls.cpp,threadId=2852,func=call,ev=before,riid=2ebdaa8c-4a75-48f7-94bf-8206623aa9bb,ib=PPO_Store,meth=9,ids=98ae204f-8139-458f-8bce-f1f7982bdbfe:tcp://onyx-1c-ppo2:1541,rethrow=false,Context='
МодульСеанса : 13 : APDEX_Настройки = APDEX_ОценкаПроизводительностиСерверВызовСервера.ПолучитьНастройки();
	ОбщийМодуль.APDEX_ОценкаПроизводительностиСерверВызовСервера.Модуль : 1228 : НаборЗаписей.Прочитать();'
01:22.586080-1,SCALL,2,process=rphost,p:processName=PPO_Store,t:clientID=3408,t:applicationName=WebServerExtension,t:computerName=1CWEB-1,t:connectID=22641,Usr=MobileZabbix,SessionID=506,ClientID=3871,Interface=2ebdaa8c-4a75-48f7-94bf-8206623aa9bb,IName=IClusterLogMngr,Method=9,CallID=3408180,MName=transactionsLogging,Context='
МодульСеанса : 13 : APDEX_Настройки = APDEX_ОценкаПроизводительностиСерверВызовСервера.ПолучитьНастройки();
	ОбщийМодуль.APDEX_ОценкаПроизводительностиСерверВызовСервера.Модуль : 1228 : НаборЗаписей.Прочитать();'
01:22.586081-0,SYSTEM,2,process=rphost,p:processName=PPO_Store,t:clientID=3408,t:applicationName=WebServerExtension,t:computerName=1CWEB-1,t:connectID=22641,Usr=MobileZabbix,SessionID=506,level=INFO,component=backbas,class=backbas::SeanceContextCache,line=6051,file=src\SeanceContextBasImpl.cpp,Descr='Obj: Get, seanceID=567873c9-7950-4e6e-a7f3-61c7589c0615, paramID=n)ã{ö\17@­ùc%\1ES, value=NULL',Context='
МодульСеанса : 20 : ПараметрыСеанса.APDEX_НастройкиЗамеров = Новый ФиксированнаяСтруктура(APDEX_НастройкиЗамеров);'
01:22.586082-0,SYSTEM,2,process=rphost,p:processName=PPO_Store,t:clientID=3408,t:applicationName=WebServerExtension,t:computerName=1CWEB-1,t:connectID=22641,Usr=MobileZabbix,SessionID=506,level=INFO,component=backbas,class=backbas::SeanceContextCache,line=7988,file=src\SeanceContextBasImpl.cpp,Descr='Tran: Get, seanceID=567873c9-7950-4e6e-a7f3-61c7589c0615, paramID=n)ã{ö\17@­ùc%\1ES, value=NULL',Context='
МодульСеанса : 20 : ПараметрыСеанса.APDEX_НастройкиЗамеров = Новый ФиксированнаяСтруктура(APDEX_НастройкиЗамеров);'
01:22.586083-0,SYSTEM,2,process=rphost,p:processName=PPO_Store,t:clientID=3408,t:applicationName=WebServerExtension,t:computerName=1CWEB-1,t:connectID=22641,Usr=MobileZabbix,SessionID=506,level=INFO,component=backbas,class=backbas::SeanceContextCache,line=6051,file=src\SeanceContextBasImpl.cpp,Descr='Obj: Get, seanceID=567873c9-7950-4e6e-a7f3-61c7589c0615, paramID=n)ã{ö\17@­ùc%\1ES, value=NULL',Context='
МодульСеанса : 20 : ПараметрыСеанса.APDEX_НастройкиЗамеров = Новый ФиксированнаяСтруктура(APDEX_НастройкиЗамеров);'
01:22.586084-0,SYSTEM,2,process=rphost,p:processName=PPO_Store,t:clientID=3408,t:applicationName=WebServerExtension,t:computerName=1CWEB-1,t:connectID=22641,Usr=MobileZabbix,SessionID=506,level=INFO,component=backbas,class=backbas::SeanceContextCache,line=7988,file=src\SeanceContextBasImpl.cpp,Descr='Tran: Get, seanceID=567873c9-7950-4e6e-a7f3-61c7589c0615, paramID=n)ã{ö\17@­ùc%\1ES, value=NULL',Context='
МодульСеанса : 20 : ПараметрыСеанса.APDEX_НастройкиЗамеров = Новый ФиксированнаяСтруктура(APDEX_НастройкиЗамеров);'
01:22.586085-0,SYSTEM,2,process=rphost,p:processName=PPO_Store,t:clientID=3408,t:applicationName=WebServerExtension,t:computerName=1CWEB-1,t:connectID=22641,Usr=MobileZabbix,SessionID=506,level=INFO,component=backbas,class=backbas::SeanceContextCache,line=7937,file=src\SeanceContextBasImpl.cpp,Descr='Tran: Set, seanceID=567873c9-7950-4e6e-a7f3-61c7589c0615, paramID=SesnParam(72), value=Object(d45d2c6c-5e0d-43cc-8990-6049d879cd60), toGetChanges=0, lastKnownVer=0, changedParams=, callID=0, flags=, newLastKnownVer=0',Context='
МодульСеанса : 20 : ПараметрыСеанса.APDEX_НастройкиЗамеров = Новый ФиксированнаяСтруктура(APDEX_НастройкиЗамеров);'
01:22.586086-0,SYSTEM,2,process=rphost,p:processName=PPO_Store,t:clientID=3408,t:applicationName=WebServerExtension,t:computerName=1CWEB-1,t:connectID=22641,Usr=MobileZabbix,SessionID=506,level=INFO,component=backbas,class=backbas::SeanceContextCache,line=6051,file=src\SeanceContextBasImpl.cpp,Descr='Obj: Get, seanceID=567873c9-7950-4e6e-a7f3-61c7589c0615, paramID=n)ã{ö\17@­ùc%\1ES, value=NULL',Context='
МодульСеанса : 30 : ПараметрыСеанса.РежимРегистрацииПродаж 									= Ложь;'
01:22.586087-0,SYSTEM,2,process=rphost,p:processName=PPO_Store,t:clientID=3408,t:applicationName=WebServerExtension,t:computerName=1CWEB-1,t:connectID=22641,Usr=MobileZabbix,SessionID=506,level=INFO,component=backbas,class=backbas::SeanceContextCache,line=7988,file=src\SeanceContextBasImpl.cpp,Descr='Tran: Get, seanceID=567873c9-7950-4e6e-a7f3-61c7589c0615, paramID=n)ã{ö\17@­ùc%\1ES, value=NULL',Context='
МодульСеанса : 30 : ПараметрыСеанса.РежимРегистрацииПродаж 									= Ложь;'
01:22.586088-0,SYSTEM,2,process=rphost,p:processName=PPO_Store,t:clientID=3408,t:applicationName=WebServerExtension,t:computerName=1CWEB-1,t:connectID=22641,Usr=MobileZabbix,SessionID=506,level=INFO,component=backbas,class=backbas::SeanceContextCache,line=6051,file=src\SeanceContextBasImpl.cpp,Descr='Obj: Get, seanceID=567873c9-7950-4e6e-a7f3-61c7589c0615, paramID=n)ã{ö\17@­ùc%\1ES, value=NULL',Context='
МодульСеанса : 30 : ПараметрыСеанса.РежимРегистрацииПродаж 									= Ложь;'